<html>
<body>
<pre>
<h1>礦ision Build Log</h1>
<h2>Tool Versions:</h2>
IDE-Version: μVision V5.14.0.0
Copyright (C) 2015 ARM Ltd and ARM Germany GmbH. All rights reserved.
License Information: 1 oarap, 1, LIC=EPP8T-REIRI-HPVZN-YCDCJ-ZPP1M-BLZ9X
 
Tool Versions:
Toolchain:       MDK-ARM Professional  Version: 5.14.0.0
Toolchain Path:  C:\Program Files (x86)\Keil_v5\ARM\ARMCC\Bin
C Compiler:      Armcc.exe V5.05 update 1 (build 106)
Assembler:       Armasm.exe V5.05 update 1 (build 106)
Linker/Locator:  ArmLink.exe V5.05 update 1 (build 106)
Library Manager: ArmAr.exe V5.05 update 1 (build 106)
Hex Converter:   FromElf.exe V5.05 update 1 (build 106)
CPU DLL:         SARMCM3.DLL V5.14.0.0
Dialog DLL:      DCM.DLL V1.13.1.0
Target DLL:      Segger\JL2CM3.dll V2.99.13.0
Dialog DLL:      TCM.DLL V1.14.4.0
 
<h2>Project:</h2>
E:\1_workspace\201804_master_slaver_esp8266\1_src\1_master\Project\MDK-ARM\TcpServer_Ap.uvprojx
Project File Date:  05/01/2018

<h2>Output:</h2>
Build target 'TcpServer_AP'
compiling main.c...
..\queue.h(12): warning:  #1295-D: Deprecated declaration Queue_Data_Init - give arg types
  void Queue_Data_Init();//初始化队列数据
..\queue.h(13): warning:  #1295-D: Deprecated declaration Queue_Head_Depart - give arg types
  void Queue_Head_Depart();//离开队首
..\queue.h(14): warning:  #1295-D: Deprecated declaration Queue_Tail_Join - give arg types
  void Queue_Tail_Join();//加入队尾
..\queue.h(15): warning:  #1295-D: Deprecated declaration Queue_Tail_Inquire - give arg types
  u16 Queue_Tail_Inquire();//查询队尾
..\queue.h(16): warning:  #1295-D: Deprecated declaration Queue_Head_Inquire - give arg types
  u16 Queue_Head_Inquire();//查询队首
..\main.c: 5 warnings, 0 errors
linking...
Program Size: Code=21154 RO-data=7606 RW-data=92 ZI-data=6404  
FromELF: creating hex file...
".\obj\TcpServer_AP.axf" - 0 Error(s), 5 Warning(s).

<h2>Software Packages used:</h2>

Package Vendor: ARM
                http://www.keil.com/pack/ARM.CMSIS.4.2.0.pack
                ARM::CMSIS:CORE:3.40.0
                CMSIS (Cortex Microcontroller Software Interface Standard)
   * Component: CORE Version: 3.40.0

<h2>Collection of Component include folders:</h2>
  E:\1_workspace\201804_master_slaver_esp8266\1_src\1_master\Project\MDK-ARM\RTE
  C:\Program Files (x86)\Keil_v5\ARM\PACK\ARM\CMSIS\4.2.0\CMSIS\Include
  C:\Program Files (x86)\Keil_v5\ARM\PACK\Keil\STM32F1xx_DFP\2.2.0

<h2>Collection of Component Files used:</h2>

   * Component: ARM::CMSIS:CORE:3.40.0
      Source file:   CMSIS\UserCodeTemplates\ARM\ITM_Retarget.c
</pre>
</body>
</html>
