Component: ARM Compiler 5.05 update 1 (build 106) Tool: armlink [4d0efa]

==============================================================================

Section Cross References

    startup_stm32f10x_md.o(RESET) refers to startup_stm32f10x_md.o(STACK) for __initial_sp
    startup_stm32f10x_md.o(RESET) refers to startup_stm32f10x_md.o(.text) for Reset_Handler
    startup_stm32f10x_md.o(RESET) refers to stm32f10x_it.o(.text) for NMI_Handler
    startup_stm32f10x_md.o(RESET) refers to exti.o(.text) for EXTI9_5_IRQHandler
    startup_stm32f10x_md.o(RESET) refers to timer.o(.text) for TIM2_IRQHandler
    startup_stm32f10x_md.o(RESET) refers to usart.o(.text) for USART1_IRQHandler
    startup_stm32f10x_md.o(RESET) refers to usart2.o(.text) for USART2_IRQHandler
    startup_stm32f10x_md.o(.text) refers to system_stm32f10x.o(.text) for SystemInit
    startup_stm32f10x_md.o(.text) refers to entry.o(.ARM.Collect$$$$00000000) for __main
    stm32f10x_adc.o(.text) refers to stm32f10x_rcc.o(.text) for RCC_APB2PeriphResetCmd
    stm32f10x_bkp.o(.text) refers to stm32f10x_rcc.o(.text) for RCC_BackupResetCmd
    stm32f10x_can.o(.text) refers to stm32f10x_rcc.o(.text) for RCC_APB1PeriphResetCmd
    stm32f10x_cec.o(.text) refers to stm32f10x_rcc.o(.text) for RCC_APB1PeriphResetCmd
    stm32f10x_dac.o(.text) refers to stm32f10x_rcc.o(.text) for RCC_APB1PeriphResetCmd
    stm32f10x_gpio.o(.text) refers to stm32f10x_rcc.o(.text) for RCC_APB2PeriphResetCmd
    stm32f10x_i2c.o(.text) refers to stm32f10x_rcc.o(.text) for RCC_APB1PeriphResetCmd
    stm32f10x_pwr.o(.text) refers to stm32f10x_rcc.o(.text) for RCC_APB1PeriphResetCmd
    stm32f10x_rcc.o(.text) refers to stm32f10x_rcc.o(.data) for APBAHBPrescTable
    stm32f10x_spi.o(.text) refers to stm32f10x_rcc.o(.text) for RCC_APB2PeriphResetCmd
    stm32f10x_tim.o(.text) refers to stm32f10x_rcc.o(.text) for RCC_APB2PeriphResetCmd
    stm32f10x_usart.o(.text) refers to stm32f10x_rcc.o(.text) for RCC_APB2PeriphResetCmd
    stm32f10x_wwdg.o(.text) refers to stm32f10x_rcc.o(.text) for RCC_APB1PeriphResetCmd
    system_stm32f10x.o(.text) refers to system_stm32f10x.o(.data) for SystemCoreClock
    led.o(.text) refers to stm32f10x_rcc.o(.text) for RCC_APB2PeriphClockCmd
    led.o(.text) refers to stm32f10x_gpio.o(.text) for GPIO_Init
    dma.o(.text) refers to stm32f10x_rcc.o(.text) for RCC_AHBPeriphClockCmd
    dma.o(.text) refers to stm32f10x_dma.o(.text) for DMA_DeInit
    esp8266.o(.text) refers to _scanf_str.o(.text) for _scanf_string
    esp8266.o(.text) refers to memseta.o(.text) for __aeabi_memclr
    esp8266.o(.text) refers to usart2.o(.text) for u2_printf
    esp8266.o(.text) refers to strstr.o(.text) for strstr
    esp8266.o(.text) refers to delay.o(.text) for delay_ms
    esp8266.o(.text) refers to memcpya.o(.text) for __aeabi_memcpy
    esp8266.o(.text) refers to printf2.o(i.__0printf$2) for __2printf
    esp8266.o(.text) refers to __0sscanf.o(.text) for __0sscanf
    esp8266.o(.text) refers to usart2.o(.data) for USART2_RX_STA
    esp8266.o(.text) refers to usart2.o(.bss) for USART2_RX_BUF
    esp8266.o(.text) refers to esp8266.o(.bss) for IP_Buff
    esp8266.o(.text) refers to printf2.o(i.__0sprintf$2) for __2sprintf
    usart.o(.text) refers to misc.o(.text) for NVIC_PriorityGroupConfig
    usart.o(.text) refers to stm32f10x_rcc.o(.text) for RCC_APB2PeriphClockCmd
    usart.o(.text) refers to stm32f10x_usart.o(.text) for USART_DeInit
    usart.o(.text) refers to stm32f10x_gpio.o(.text) for GPIO_Init
    usart.o(.text) refers to usart.o(.data) for USART_RX_STA
    usart.o(.text) refers to usart.o(.bss) for USART_RX_BUF
    usart2.o(.text) refers to misc.o(.text) for NVIC_PriorityGroupConfig
    usart2.o(.text) refers to stm32f10x_rcc.o(.text) for RCC_APB2PeriphClockCmd
    usart2.o(.text) refers to stm32f10x_usart.o(.text) for USART_DeInit
    usart2.o(.text) refers to stm32f10x_gpio.o(.text) for GPIO_Init
    usart2.o(.text) refers to dma.o(.text) for MYDMA_Config
    usart2.o(.text) refers to timer.o(.text) for TIM2_Config
    usart2.o(.text) refers to stm32f10x_tim.o(.text) for TIM_SetCounter
    usart2.o(.text) refers to printfa.o(i.__0vsprintf) for __c89vsprintf
    usart2.o(.text) refers to strlen.o(.text) for strlen
    usart2.o(.text) refers to usart2.o(.bss) for USART2_TX_BUF
    usart2.o(.text) refers to usart2.o(.data) for USART2_RX_STA
    timer.o(.text) refers to misc.o(.text) for NVIC_PriorityGroupConfig
    timer.o(.text) refers to stm32f10x_rcc.o(.text) for RCC_APB1PeriphClockCmd
    timer.o(.text) refers to stm32f10x_tim.o(.text) for TIM_DeInit
    timer.o(.text) refers to usart2.o(.data) for USART2_RX_STA
    delay.o(.text) refers to system_stm32f10x.o(.data) for SystemCoreClock
    delay.o(.text) refers to stm32f10x_it.o(.data) for nTime
    oled.o(.text) refers to stm32f10x_rcc.o(.text) for RCC_APB2PeriphClockCmd
    oled.o(.text) refers to stm32f10x_gpio.o(.text) for GPIO_Init
    oled.o(.text) refers to memcpya.o(.text) for __aeabi_memcpy
[...]
    printf5.o(i.__0snprintf$5) refers to printf5.o(i._snputc) for _snputc
    printf5.o(i.__0sprintf$5) refers to printf5.o(i._printf_core) for _printf_core
    printf5.o(i.__0sprintf$5) refers to printf5.o(i._sputc) for _sputc
    printf5.o(i.__0vfprintf$5) refers to printf5.o(i._printf_core) for _printf_core
    printf5.o(i.__0vfprintf$5) refers to usart.o(.text) for fputc
    printf5.o(i.__0vprintf$5) refers to printf5.o(i._printf_core) for _printf_core
    printf5.o(i.__0vprintf$5) refers to usart.o(.text) for fputc
    printf5.o(i.__0vprintf$5) refers to stdout.o(.data) for __stdout
    printf5.o(i.__0vsnprintf$5) refers to printf5.o(i._printf_core) for _printf_core
    printf5.o(i.__0vsnprintf$5) refers to printf5.o(i._snputc) for _snputc
    printf5.o(i.__0vsprintf$5) refers to printf5.o(i._printf_core) for _printf_core
    printf5.o(i.__0vsprintf$5) refers to printf5.o(i._sputc) for _sputc
    printf5.o(i._printf_core) refers to uldiv.o(.text) for __aeabi_uldivmod
    printf6.o(i.__0fprintf$6) refers to printf6.o(i._printf_core) for _printf_core
    printf6.o(i.__0fprintf$6) refers to usart.o(.text) for fputc
    printf6.o(i.__0printf$6) refers to printf6.o(i._printf_core) for _printf_core
    printf6.o(i.__0printf$6) refers to usart.o(.text) for fputc
    printf6.o(i.__0printf$6) refers to stdout.o(.data) for __stdout
    printf6.o(i.__0snprintf$6) refers to printf6.o(i._printf_core) for _printf_core
    printf6.o(i.__0snprintf$6) refers to printf6.o(i._snputc) for _snputc
    printf6.o(i.__0sprintf$6) refers to printf6.o(i._printf_core) for _printf_core
    printf6.o(i.__0sprintf$6) refers to printf6.o(i._sputc) for _sputc
    printf6.o(i.__0vfprintf$6) refers to printf6.o(i._printf_core) for _printf_core
    printf6.o(i.__0vfprintf$6) refers to usart.o(.text) for fputc
    printf6.o(i.__0vprintf$6) refers to printf6.o(i._printf_core) for _printf_core
    printf6.o(i.__0vprintf$6) refers to usart.o(.text) for fputc
    printf6.o(i.__0vprintf$6) refers to stdout.o(.data) for __stdout
    printf6.o(i.__0vsnprintf$6) refers to printf6.o(i._printf_core) for _printf_core
    printf6.o(i.__0vsnprintf$6) refers to printf6.o(i._snputc) for _snputc
    printf6.o(i.__0vsprintf$6) refers to printf6.o(i._printf_core) for _printf_core
    printf6.o(i.__0vsprintf$6) refers to printf6.o(i._sputc) for _sputc
    printf6.o(i._printf_core) refers to printf6.o(i._printf_pre_padding) for _printf_pre_padding
    printf6.o(i._printf_core) refers to uidiv.o(.text) for __aeabi_uidivmod
    printf6.o(i._printf_core) refers to printf6.o(i._printf_post_padding) for _printf_post_padding
    printf7.o(i.__0fprintf$7) refers to printf7.o(i._printf_core) for _printf_core
    printf7.o(i.__0fprintf$7) refers to usart.o(.text) for fputc
    printf7.o(i.__0printf$7) refers to printf7.o(i._printf_core) for _printf_core
    printf7.o(i.__0printf$7) refers to usart.o(.text) for fputc
    printf7.o(i.__0printf$7) refers to stdout.o(.data) for __stdout
    printf7.o(i.__0snprintf$7) refers to printf7.o(i._printf_core) for _printf_core
    printf7.o(i.__0snprintf$7) refers to printf7.o(i._snputc) for _snputc
    printf7.o(i.__0sprintf$7) refers to printf7.o(i._printf_core) for _printf_core
    printf7.o(i.__0sprintf$7) refers to printf7.o(i._sputc) for _sputc
    printf7.o(i.__0vfprintf$7) refers to printf7.o(i._printf_core) for _printf_core
    printf7.o(i.__0vfprintf$7) refers to usart.o(.text) for fputc
    printf7.o(i.__0vprintf$7) refers to printf7.o(i._printf_core) for _printf_core
    printf7.o(i.__0vprintf$7) refers to usart.o(.text) for fputc
    printf7.o(i.__0vprintf$7) refers to stdout.o(.data) for __stdout
    printf7.o(i.__0vsnprintf$7) refers to printf7.o(i._printf_core) for _printf_core
    printf7.o(i.__0vsnprintf$7) refers to printf7.o(i._snputc) for _snputc
    printf7.o(i.__0vsprintf$7) refers to printf7.o(i._printf_core) for _printf_core
    printf7.o(i.__0vsprintf$7) refers to printf7.o(i._sputc) for _sputc
    printf7.o(i._printf_core) refers to printf7.o(i._printf_pre_padding) for _printf_pre_padding
    printf7.o(i._printf_core) refers to uldiv.o(.text) for __aeabi_uldivmod
    printf7.o(i._printf_core) refers to printf7.o(i._printf_post_padding) for _printf_post_padding
    printf8.o(i.__0fprintf$8) refers to printf8.o(i._printf_core) for _printf_core
    printf8.o(i.__0fprintf$8) refers to usart.o(.text) for fputc
    printf8.o(i.__0printf$8) refers to printf8.o(i._printf_core) for _printf_core
    printf8.o(i.__0printf$8) refers to usart.o(.text) for fputc
    printf8.o(i.__0printf$8) refers to stdout.o(.data) for __stdout
    printf8.o(i.__0snprintf$8) refers to printf8.o(i._printf_core) for _printf_core
    printf8.o(i.__0snprintf$8) refers to printf8.o(i._snputc) for _snputc
    printf8.o(i.__0sprintf$8) refers to printf8.o(i._printf_core) for _printf_core
    printf8.o(i.__0sprintf$8) refers to printf8.o(i._sputc) for _sputc
    printf8.o(i.__0vfprintf$8) refers to printf8.o(i._printf_core) for _printf_core
    printf8.o(i.__0vfprintf$8) refers to usart.o(.text) for fputc
    printf8.o(i.__0vprintf$8) refers to printf8.o(i._printf_core) for _printf_core
    printf8.o(i.__0vprintf$8) refers to usart.o(.text) for fputc
    printf8.o(i.__0vprintf$8) refers to stdout.o(.data) for __stdout
    printf8.o(i.__0vsnprintf$8) refers to printf8.o(i._printf_core) for _printf_core
    printf8.o(i.__0vsnprintf$8) refers to printf8.o(i._snputc) for _snputc
    printf8.o(i.__0vsprintf$8) refers to printf8.o(i._printf_core) for _printf_core
    printf8.o(i.__0vsprintf$8) refers to printf8.o(i._sputc) for _sputc
    printf8.o(i._printf_core) refers to printf8.o(i._printf_pre_padding) for _printf_pre_padding
    printf8.o(i._printf_core) refers to uldiv.o(.text) for __aeabi_uldivmod
    printf8.o(i._printf_core) refers to printf8.o(i._printf_post_padding) for _printf_post_padding
    printfa.o(i.__0fprintf) refers (Special) to iusefp.o(.text) for __I$use$fp
    printfa.o(i.__0fprintf) refers to printfa.o(i._printf_core) for _printf_core
    printfa.o(i.__0fprintf) refers to usart.o(.text) for fputc
    printfa.o(i.__0printf) refers (Special) to iusefp.o(.text) for __I$use$fp
    printfa.o(i.__0printf) refers to printfa.o(i._printf_core) for _printf_core
    printfa.o(i.__0printf) refers to usart.o(.text) for fputc
    printfa.o(i.__0printf) refers to stdout.o(.data) for __stdout
    printfa.o(i.__0snprintf) refers (Special) to iusefp.o(.text) for __I$use$fp
    printfa.o(i.__0snprintf) refers to printfa.o(i._printf_core) for _printf_core
    printfa.o(i.__0snprintf) refers to printfa.o(i._snputc) for _snputc
    printfa.o(i.__0sprintf) refers (Special) to iusefp.o(.text) for __I$use$fp
    printfa.o(i.__0sprintf) refers to printfa.o(i._printf_core) for _printf_core
    printfa.o(i.__0sprintf) refers to printfa.o(i._sputc) for _sputc
    printfa.o(i.__0vfprintf) refers (Special) to iusefp.o(.text) for __I$use$fp
    printfa.o(i.__0vfprintf) refers to printfa.o(i._printf_core) for _printf_core
    printfa.o(i.__0vfprintf) refers to usart.o(.text) for fputc
    printfa.o(i.__0vprintf) refers (Special) to iusefp.o(.text) for __I$use$fp
    printfa.o(i.__0vprintf) refers to printfa.o(i._printf_core) for _printf_core
    printfa.o(i.__0vprintf) refers to usart.o(.text) for fputc
    printfa.o(i.__0vprintf) refers to stdout.o(.data) for __stdout
    printfa.o(i.__0vsnprintf) refers (Special) to iusefp.o(.text) for __I$use$fp
    printfa.o(i.__0vsnprintf) refers to printfa.o(i._printf_core) for _printf_core
    printfa.o(i.__0vsnprintf) refers to printfa.o(i._snputc) for _snputc
    printfa.o(i.__0vsprintf) refers (Special) to iusefp.o(.text) for __I$use$fp
    printfa.o(i.__0vsprintf) refers to printfa.o(i._printf_core) for _printf_core
    printfa.o(i.__0vsprintf) refers to printfa.o(i._sputc) for _sputc
    printfa.o(i._fp_digits) refers (Special) to iusefp.o(.text) for __I$use$fp
    printfa.o(i._fp_digits) refers to dmul.o(.text) for __aeabi_dmul
    printfa.o(i._fp_digits) refers to ddiv.o(.text) for __aeabi_ddiv
    printfa.o(i._fp_digits) refers to cdrcmple.o(.text) for __aeabi_cdrcmple
    printfa.o(i._fp_digits) refers to dadd.o(.text) for __aeabi_dadd
    printfa.o(i._fp_digits) refers to dfixul.o(.text) for __aeabi_d2ulz
    printfa.o(i._fp_digits) refers to uldiv.o(.text) for __aeabi_uldivmod
    printfa.o(i._printf_core) refers (Special) to iusefp.o(.text) for __I$use$fp
    printfa.o(i._printf_core) refers to printfa.o(i._printf_pre_padding) for _printf_pre_padding
    printfa.o(i._printf_core) refers to uldiv.o(.text) for __aeabi_uldivmod
    printfa.o(i._printf_core) refers to printfa.o(i._printf_post_padding) for _printf_post_padding
    printfa.o(i._printf_core) refers to printfa.o(i._fp_digits) for _fp_digits
    printfa.o(i._printf_core) refers to uidiv.o(.text) for __aeabi_uidivmod
    printfa.o(i._printf_post_padding) refers (Special) to iusefp.o(.text) for __I$use$fp
    printfa.o(i._printf_pre_padding) refers (Special) to iusefp.o(.text) for __I$use$fp
    printfa.o(i._snputc) refers (Special) to iusefp.o(.text) for __I$use$fp
    printfa.o(i._sputc) refers (Special) to iusefp.o(.text) for __I$use$fp
    __0sscanf.o(.text) refers to scanf_char.o(.text) for __vfscanf_char
    __0sscanf.o(.text) refers to _sgetc.o(.text) for _sgetc
    dadd.o(.text) refers (Special) to iusefp.o(.text) for __I$use$fp
    dadd.o(.text) refers to llshl.o(.text) for __aeabi_llsl
    dadd.o(.text) refers to llsshr.o(.text) for __aeabi_lasr
    dadd.o(.text) refers to depilogue.o(.text) for _double_epilogue
    dmul.o(.text) refers (Special) to iusefp.o(.text) for __I$use$fp
    dmul.o(.text) refers to depilogue.o(.text) for _double_epilogue
    dflti.o(.text) refers (Special) to iusefp.o(.text) for __I$use$fp
    dflti.o(.text) refers to depilogue.o(.text) for _double_epilogue
    dfltui.o(.text) refers (Special) to iusefp.o(.text) for __I$use$fp
    dfltui.o(.text) refers to depilogue.o(.text) for _double_epilogue
    dfixi.o(.text) refers (Special) to iusefp.o(.text) for __I$use$fp
    dfixi.o(.text) refers to llushr.o(.text) for __aeabi_llsr
    dfixui.o(.text) refers (Special) to iusefp.o(.text) for __I$use$fp
    dfixui.o(.text) refers to llushr.o(.text) for __aeabi_llsr
    entry2.o(.ARM.Collect$$$$00000001) refers to entry2.o(.ARM.Collect$$$$00002712) for __lit__00000000
    entry2.o(.ARM.Collect$$$$00002712) refers to startup_stm32f10x_md.o(STACK) for __initial_sp
    entry2.o(__vectab_stack_and_reset_area) refers to startup_stm32f10x_md.o(STACK) for __initial_sp
    entry2.o(__vectab_stack_and_reset_area) refers to entry.o(.ARM.Collect$$$$00000000) for __main
    entry5.o(.ARM.Collect$$$$00000004) refers to init.o(.text) for __scatterload
    entry9a.o(.ARM.Collect$$$$0000000B) refers to main.o(.text) for main
    entry9b.o(.ARM.Collect$$$$0000000C) refers to main.o(.text) for main
    uldiv.o(.text) refers to llushr.o(.text) for __aeabi_llsr
    uldiv.o(.text) refers to llshl.o(.text) for __aeabi_llsl
    scanf_char.o(.text) refers to _scanf.o(.text) for __vfscanf
    scanf_char.o(.text) refers to isspace_c.o(.text) for isspace
    depilogue.o(.text) refers to llshl.o(.text) for __aeabi_llsl
    depilogue.o(.text) refers to llushr.o(.text) for __aeabi_llsr
    ddiv.o(.text) refers to depilogue.o(.text) for _double_round
    dfixul.o(.text) refers to llushr.o(.text) for __aeabi_llsr
    dfixul.o(.text) refers to llshl.o(.text) for __aeabi_llsl
    init.o(.text) refers to entry5.o(.ARM.Collect$$$$00000004) for __main_after_scatterload
    isspace_c.o(.text) refers to ctype_c.o(.text) for __ctype_lookup
    _scanf.o(.text) refers (Weak) to _scanf_str.o(.text) for _scanf_string
    ctype_c.o(.text) refers to ctype_c.o(.constdata) for .constdata


==============================================================================

Removing Unused input sections from the image.

    Removing startup_stm32f10x_md.o(HEAP), (512 bytes).
    Removing stm32f10x_adc.o(.text), (1102 bytes).
    Removing stm32f10x_bkp.o(.text), (196 bytes).
    Removing stm32f10x_can.o(.text), (2544 bytes).
    Removing stm32f10x_cec.o(.text), (288 bytes).
    Removing stm32f10x_crc.o(.text), (72 bytes).
    Removing stm32f10x_dac.o(.text), (396 bytes).
    Removing stm32f10x_dbgmcu.o(.text), (48 bytes).
    Removing stm32f10x_flash.o(.text), (1468 bytes).
    Removing stm32f10x_fsmc.o(.text), (1548 bytes).
    Removing stm32f10x_i2c.o(.text), (1028 bytes).
    Removing stm32f10x_iwdg.o(.text), (64 bytes).
    Removing stm32f10x_pwr.o(.text), (204 bytes).
    Removing stm32f10x_rtc.o(.text), (328 bytes).
    Removing stm32f10x_sdio.o(.text), (468 bytes).
    Removing stm32f10x_spi.o(.text), (780 bytes).
    Removing stm32f10x_wwdg.o(.text), (136 bytes).
    Removing core_cm3.o(.emb_text), (32 bytes).
    Removing key.o(.text), (80 bytes).

19 unused section(s) (total 11294 bytes) removed from the image.

==============================================================================

Image Symbol Table

    Local Symbols

    Symbol Name                              Value     Ov Type        Size  Object(Section)

    ../clib/microlib/ctype/ctype.c           0x00000000   Number         0  ctype_c.o ABSOLUTE
    ../clib/microlib/ctype/ctype.c           0x00000000   Number         0  isspace_c.o ABSOLUTE
    ../clib/microlib/division.c              0x00000000   Number         0  uldiv.o ABSOLUTE
    ../clib/microlib/division.c              0x00000000   Number         0  uidiv.o ABSOLUTE
    ../clib/microlib/init/entry.s            0x00000000   Number         0  entry10b.o ABSOLUTE
    ../clib/microlib/init/entry.s            0x00000000   Number         0  entry2.o ABSOLUTE
    ../clib/microlib/init/entry.s            0x00000000   Number         0  entry.o ABSOLUTE
    ../clib/microlib/init/entry.s            0x00000000   Number         0  entry10a.o ABSOLUTE
    ../clib/microlib/init/entry.s            0x00000000   Number         0  entry9b.o ABSOLUTE
    ../clib/microlib/init/entry.s            0x00000000   Number         0  entry9a.o ABSOLUTE
    ../clib/microlib/init/entry.s            0x00000000   Number         0  entry8b.o ABSOLUTE
    ../clib/microlib/init/entry.s            0x00000000   Number         0  entry8a.o ABSOLUTE
    ../clib/microlib/init/entry.s            0x00000000   Number         0  entry7b.o ABSOLUTE
    ../clib/microlib/init/entry.s            0x00000000   Number         0  entry7a.o ABSOLUTE
    ../clib/microlib/init/entry.s            0x00000000   Number         0  entry5.o ABSOLUTE
    ../clib/microlib/init/entry.s            0x00000000   Number         0  entry11b.o ABSOLUTE
    ../clib/microlib/init/entry.s            0x00000000   Number         0  entry11a.o ABSOLUTE
    ../clib/microlib/longlong.c              0x00000000   Number         0  llushr.o ABSOLUTE
    ../clib/microlib/longlong.c              0x00000000   Number         0  llshl.o ABSOLUTE
    ../clib/microlib/longlong.c              0x00000000   Number         0  llsshr.o ABSOLUTE
    ../clib/microlib/printf/printf.c         0x00000000   Number         0  printfa.o ABSOLUTE
    ../clib/microlib/printf/printf.c         0x00000000   Number         0  printf1.o ABSOLUTE
    ../clib/microlib/printf/printf.c         0x00000000   Number         0  printf0.o ABSOLUTE
    ../clib/microlib/printf/printf.c         0x00000000   Number         0  printf3.o ABSOLUTE
    ../clib/microlib/printf/printf.c         0x00000000   Number         0  printf8.o ABSOLUTE
    ../clib/microlib/printf/printf.c         0x00000000   Number         0  printf2.o ABSOLUTE
    ../clib/microlib/printf/printf.c         0x00000000   Number         0  printf4.o ABSOLUTE
    ../clib/microlib/printf/printf.c         0x00000000   Number         0  printf5.o ABSOLUTE
    ../clib/microlib/printf/printf.c         0x00000000   Number         0  printf6.o ABSOLUTE
    ../clib/microlib/printf/printf.c         0x00000000   Number         0  printf7.o ABSOLUTE
    ../clib/microlib/printf/printf.c         0x00000000   Number         0  printfb.o ABSOLUTE
    ../clib/microlib/printf/stubs.s          0x00000000   Number         0  stubs.o ABSOLUTE
    ../clib/microlib/stdio/streams.c         0x00000000   Number         0  stdout.o ABSOLUTE
    ../clib/microlib/string/memcpy.c         0x00000000   Number         0  memcpya.o ABSOLUTE
    ../clib/microlib/string/memcpy.c         0x00000000   Number         0  memcpyb.o ABSOLUTE
    ../clib/microlib/string/memset.c         0x00000000   Number         0  memseta.o ABSOLUTE
    ../clib/microlib/string/strlen.c         0x00000000   Number         0  strlen.o ABSOLUTE
    ../clib/microlib/string/strstr.c         0x00000000   Number         0  strstr.o ABSOLUTE
    ../clib/microlib/stubs.s                 0x00000000   Number         0  iusefp.o ABSOLUTE
    ../clib/scanf.c                          0x00000000   Number         0  _scanf.o ABSOLUTE
    ../clib/scanf.c                          0x00000000   Number         0  _sgetc.o ABSOLUTE
    ../clib/scanf.c                          0x00000000   Number         0  __0sscanf.o ABSOLUTE
    ../clib/scanf.c                          0x00000000   Number         0  scanf_char.o ABSOLUTE
    ../clib/scanf.c                          0x00000000   Number         0  _scanf_str.o ABSOLUTE
    ../fplib/microlib/fpadd.c                0x00000000   Number         0  dadd.o ABSOLUTE
    ../fplib/microlib/fpdiv.c                0x00000000   Number         0  ddiv.o ABSOLUTE
    ../fplib/microlib/fpepilogue.c           0x00000000   Number         0  depilogue.o ABSOLUTE
    ../fplib/microlib/fpfix.c                0x00000000   Number         0  dfixul.o ABSOLUTE
    ../fplib/microlib/fpfix.c                0x00000000   Number         0  dfixui.o ABSOLUTE
    ../fplib/microlib/fpfix.c                0x00000000   Number         0  dfixi.o ABSOLUTE
    ../fplib/microlib/fpflt.c                0x00000000   Number         0  dflti.o ABSOLUTE
    ../fplib/microlib/fpflt.c                0x00000000   Number         0  dfltui.o ABSOLUTE
    ../fplib/microlib/fpmul.c                0x00000000   Number         0  dmul.o ABSOLUTE
    ..\..\BSP\ESP8266.c                      0x00000000   Number         0  esp8266.o ABSOLUTE
    ..\..\BSP\OLED.c                         0x00000000   Number         0  oled.o ABSOLUTE
    ..\..\BSP\buzz.c                         0x00000000   Number         0  buzz.o ABSOLUTE
    ..\..\BSP\delay.c                        0x00000000   Number         0  delay.o ABSOLUTE
    ..\..\BSP\dma.c                          0x00000000   Number         0  dma.o ABSOLUTE
    ..\..\BSP\exti.c                         0x00000000   Number         0  exti.o ABSOLUTE
    ..\..\BSP\key.c                          0x00000000   Number         0  key.o ABSOLUTE
    ..\..\BSP\led.c                          0x00000000   Number         0  led.o ABSOLUTE
    ..\..\BSP\timer.c                        0x00000000   Number         0  timer.o ABSOLUTE
    ..\..\BSP\usart.c                        0x00000000   Number         0  usart.o ABSOLUTE
    ..\..\BSP\usart2.c                       0x00000000   Number         0  usart2.o ABSOLUTE
    ..\..\FONTS\asc12.c                      0x00000000   Number         0  asc12.o ABSOLUTE
    ..\..\FONTS\asc16.c                      0x00000000   Number         0  asc16.o ABSOLUTE
    ..\..\FONTS\hz12.c                       0x00000000   Number         0  hz12.o ABSOLUTE
    ..\..\FONTS\hz16.c                       0x00000000   Number         0  hz16.o ABSOLUTE
    ..\..\Libraries\CMSIS\CM3\CoreSupport\core_cm3.c 0x00000000   Number         0  core_cm3.o ABSOLUTE
    ..\..\Libraries\CMSIS\CM3\DeviceSupport\ST\STM32F10x\startup\arm\startup_stm32f10x_md.s 0x00000000   Number         0  startup_stm32f10x_md.o ABSOLUTE
    ..\..\Libraries\CMSIS\CM3\DeviceSupport\ST\STM32F10x\system_stm32f10x.c 0x00000000   Number         0  system_stm32f10x.o ABSOLUTE
    ..\..\Libraries\STM32F10x_StdPeriph_Driver\src\misc.c 0x00000000   Number         0  misc.o ABSOLUTE
    ..\..\Libraries\STM32F10x_StdPeriph_Driver\src\stm32f10x_adc.c 0x00000000   Number         0  stm32f10x_adc.o ABSOLUTE
    ..\..\Libraries\STM32F10x_StdPeriph_Driver\src\stm32f10x_bkp.c 0x00000000   Number         0  stm32f10x_bkp.o ABSOLUTE
    ..\..\Libraries\STM32F10x_StdPeriph_Driver\src\stm32f10x_can.c 0x00000000   Number         0  stm32f10x_can.o ABSOLUTE
    ..\..\Libraries\STM32F10x_StdPeriph_Driver\src\stm32f10x_cec.c 0x00000000   Number         0  stm32f10x_cec.o ABSOLUTE
    ..\..\Libraries\STM32F10x_StdPeriph_Driver\src\stm32f10x_crc.c 0x00000000   Number         0  stm32f10x_crc.o ABSOLUTE
    ..\..\Libraries\STM32F10x_StdPeriph_Driver\src\stm32f10x_dac.c 0x00000000   Number         0  stm32f10x_dac.o ABSOLUTE
    ..\..\Libraries\STM32F10x_StdPeriph_Driver\src\stm32f10x_dbgmcu.c 0x00000000   Number         0  stm32f10x_dbgmcu.o ABSOLUTE
    ..\..\Libraries\STM32F10x_StdPeriph_Driver\src\stm32f10x_dma.c 0x00000000   Number         0  stm32f10x_dma.o ABSOLUTE
    ..\..\Libraries\STM32F10x_StdPeriph_Driver\src\stm32f10x_exti.c 0x00000000   Number         0  stm32f10x_exti.o ABSOLUTE
    ..\..\Libraries\STM32F10x_StdPeriph_Driver\src\stm32f10x_flash.c 0x00000000   Number         0  stm32f10x_flash.o ABSOLUTE
    ..\..\Libraries\STM32F10x_StdPeriph_Driver\src\stm32f10x_fsmc.c 0x00000000   Number         0  stm32f10x_fsmc.o ABSOLUTE
    ..\..\Libraries\STM32F10x_StdPeriph_Driver\src\stm32f10x_gpio.c 0x00000000   Number         0  stm32f10x_gpio.o ABSOLUTE
    ..\..\Libraries\STM32F10x_StdPeriph_Driver\src\stm32f10x_i2c.c 0x00000000   Number         0  stm32f10x_i2c.o ABSOLUTE
    ..\..\Libraries\STM32F10x_StdPeriph_Driver\src\stm32f10x_iwdg.c 0x00000000   Number         0  stm32f10x_iwdg.o ABSOLUTE
    ..\..\Libraries\STM32F10x_StdPeriph_Driver\src\stm32f10x_pwr.c 0x00000000   Number         0  stm32f10x_pwr.o ABSOLUTE
    ..\..\Libraries\STM32F10x_StdPeriph_Driver\src\stm32f10x_rcc.c 0x00000000   Number         0  stm32f10x_rcc.o ABSOLUTE
    ..\..\Libraries\STM32F10x_StdPeriph_Driver\src\stm32f10x_rtc.c 0x00000000   Number         0  stm32f10x_rtc.o ABSOLUTE
    ..\..\Libraries\STM32F10x_StdPeriph_Driver\src\stm32f10x_sdio.c 0x00000000   Number         0  stm32f10x_sdio.o ABSOLUTE
    ..\..\Libraries\STM32F10x_StdPeriph_Driver\src\stm32f10x_spi.c 0x00000000   Number         0  stm32f10x_spi.o ABSOLUTE
    ..\..\Libraries\STM32F10x_StdPeriph_Driver\src\stm32f10x_tim.c 0x00000000   Number         0  stm32f10x_tim.o ABSOLUTE
    ..\..\Libraries\STM32F10x_StdPeriph_Driver\src\stm32f10x_usart.c 0x00000000   Number         0  stm32f10x_usart.o ABSOLUTE
    ..\..\Libraries\STM32F10x_StdPeriph_Driver\src\stm32f10x_wwdg.c 0x00000000   Number         0  stm32f10x_wwdg.o ABSOLUTE
    ..\\..\\Libraries\\CMSIS\\CM3\\CoreSupport\\core_cm3.c 0x00000000   Number         0  core_cm3.o ABSOLUTE
    ..\main.c                                0x00000000   Number         0  main.o ABSOLUTE
    ..\stm32f10x_it.c                        0x00000000   Number         0  stm32f10x_it.o ABSOLUTE
    cdrcmple.s                               0x00000000   Number         0  cdrcmple.o ABSOLUTE
    dc.s                                     0x00000000   Number         0  dc.o ABSOLUTE
    handlers.s                               0x00000000   Number         0  handlers.o ABSOLUTE
    init.s                                   0x00000000   Number         0  init.o ABSOLUTE
    RESET                                    0x08000000   Section      236  startup_stm32f10x_md.o(RESET)
    .ARM.Collect$$$$00000000                 0x080000ec   Section        0  entry.o(.ARM.Collect$$$$00000000)
    .ARM.Collect$$$$00000001                 0x080000ec   Section        4  entry2.o(.ARM.Collect$$$$00000001)
    .ARM.Collect$$$$00000004                 0x080000f0   Section        4  entry5.o(.ARM.Collect$$$$00000004)
    .ARM.Collect$$$$00000008                 0x080000f4   Section        0  entry7b.o(.ARM.Collect$$$$00000008)
    .ARM.Collect$$$$0000000A                 0x080000f4   Section        0  entry8b.o(.ARM.Collect$$$$0000000A)
    .ARM.Collect$$$$0000000B                 0x080000f4   Section        8  entry9a.o(.ARM.Collect$$$$0000000B)
    .ARM.Collect$$$$0000000D                 0x080000fc   Section        0  entry10a.o(.ARM.Collect$$$$0000000D)
    .ARM.Collect$$$$0000000F                 0x080000fc   Section        0  entry11a.o(.ARM.Collect$$$$0000000F)
    .ARM.Collect$$$$00002712                 0x080000fc   Section        4  entry2.o(.ARM.Collect$$$$00002712)
    __lit__00000000                          0x080000fc   Data           4  entry2.o(.ARM.Collect$$$$00002712)
    .text                                    0x08000100   Section       36  startup_stm32f10x_md.o(.text)
    .text                                    0x08000124   Section        0  misc.o(.text)
    .text                                    0x08000200   Section        0  stm32f10x_dma.o(.text)
    .text                                    0x08000454   Section        0  stm32f10x_exti.o(.text)
    .text                                    0x08000570   Section        0  stm32f10x_gpio.o(.text)
    .text                                    0x080008cc   Section        0  stm32f10x_rcc.o(.text)
    .text                                    0x08000c70   Section        0  stm32f10x_tim.o(.text)
    TI4_Config                               0x08001117   Thumb Code   130  stm32f10x_tim.o(.text)
    TI3_Config                               0x080011ab   Thumb Code   122  stm32f10x_tim.o(.text)
    TI2_Config                               0x0800123f   Thumb Code   130  stm32f10x_tim.o(.text)
    TI1_Config                               0x080012d3   Thumb Code   108  stm32f10x_tim.o(.text)
    .text                                    0x08001a8c   Section        0  stm32f10x_usart.o(.text)
    .text                                    0x08001e94   Section        0  system_stm32f10x.o(.text)
    SetSysClockTo72                          0x08001e95   Thumb Code   214  system_stm32f10x.o(.text)
    SetSysClock                              0x08001f6b   Thumb Code     8  system_stm32f10x.o(.text)
    .text                                    0x08002074   Section        0  led.o(.text)
    .text                                    0x08002114   Section        0  dma.o(.text)
    .text                                    0x08002180   Section        0  esp8266.o(.text)
    .text                                    0x08002a58   Section        0  usart.o(.text)
    .text                                    0x08002bb0   Section        0  usart2.o(.text)
    .text                                    0x08002d34   Section        0  timer.o(.text)
    .text                                    0x08002de8   Section        0  delay.o(.text)
    .text                                    0x08002e80   Section        0  oled.o(.text)
    OLED_ConfigGPIO                          0x08002f35   Thumb Code   132  oled.o(.text)
    OLED_BufToPanel                          0x0800307f   Thumb Code    70  oled.o(.text)
    .text                                    0x08003824   Section        0  exti.o(.text)
    .text                                    0x08003940   Section        0  buzz.o(.text)
    .text                                    0x080039a0   Section        0  main.o(.text)
    NVIC_SystemReset                         0x08003cbb   Thumb Code    26  main.o(.text)
    .text                                    0x08003fa8   Section        0  stm32f10x_it.o(.text)
    .text                                    0x08003fd8   Section        0  memcpya.o(.text)
    .text                                    0x08003ffc   Section        0  memseta.o(.text)
    .text                                    0x08004020   Section        0  strstr.o(.text)
    .text                                    0x08004044   Section        0  strlen.o(.text)
    .text                                    0x08004054   Section        0  __0sscanf.o(.text)
    .text                                    0x0800408c   Section        0  _scanf_str.o(.text)
    .text                                    0x0800416c   Section        0  dadd.o(.text)
    .text                                    0x080042ba   Section        0  dmul.o(.text)
    .text                                    0x0800439e   Section        0  dflti.o(.text)
    .text                                    0x080043c0   Section        0  dfltui.o(.text)
    .text                                    0x080043da   Section        0  dfixi.o(.text)
    .text                                    0x08004418   Section        0  dfixui.o(.text)
    .text                                    0x0800444a   Section        0  uidiv.o(.text)
    .text                                    0x08004476   Section        0  uldiv.o(.text)
    .text                                    0x080044d8   Section        0  llshl.o(.text)
    .text                                    0x080044f6   Section        0  llushr.o(.text)
    .text                                    0x08004516   Section        0  llsshr.o(.text)
    .text                                    0x0800453c   Section        0  scanf_char.o(.text)
    _scanf_char_input                        0x0800453d   Thumb Code    12  scanf_char.o(.text)
    .text                                    0x08004564   Section        0  _sgetc.o(.text)
    .text                                    0x080045a4   Section        0  iusefp.o(.text)
    .text                                    0x080045a4   Section        0  depilogue.o(.text)
    .text                                    0x0800465e   Section        0  ddiv.o(.text)
    .text                                    0x0800473c   Section        0  dfixul.o(.text)
    .text                                    0x0800476c   Section       48  cdrcmple.o(.text)
    .text                                    0x0800479c   Section       36  init.o(.text)
    .text                                    0x080047c0   Section        0  isspace_c.o(.text)
    .text                                    0x080047cc   Section        0  _scanf.o(.text)
    .text                                    0x08004af8   Section        0  ctype_c.o(.text)
    i.__0printf$2                            0x08004b20   Section        0  printf2.o(i.__0printf$2)
    i.__0sprintf$2                           0x08004b40   Section        0  printf2.o(i.__0sprintf$2)
    i.__0vsprintf                            0x08004b68   Section        0  printfa.o(i.__0vsprintf)
    i.__scatterload_copy                     0x08004b8c   Section       14  handlers.o(i.__scatterload_copy)
    i.__scatterload_null                     0x08004b9a   Section        2  handlers.o(i.__scatterload_null)
    i.__scatterload_zeroinit                 0x08004b9c   Section       14  handlers.o(i.__scatterload_zeroinit)
    i._fp_digits                             0x08004bac   Section        0  printfa.o(i._fp_digits)
    _fp_digits                               0x08004bad   Thumb Code   334  printfa.o(i._fp_digits)
    i._printf_core                           0x08004d10   Section        0  printf2.o(i._printf_core)
    _printf_core                             0x08004d11   Thumb Code   214  printf2.o(i._printf_core)
    i._printf_core                           0x08004de8   Section        0  printfa.o(i._printf_core)
    _printf_core                             0x08004de9   Thumb Code  1744  printfa.o(i._printf_core)
    i._printf_post_padding                   0x080054c4   Section        0  printfa.o(i._printf_post_padding)
    _printf_post_padding                     0x080054c5   Thumb Code    36  printfa.o(i._printf_post_padding)
    i._printf_pre_padding                    0x080054e8   Section        0  printfa.o(i._printf_pre_padding)
    _printf_pre_padding                      0x080054e9   Thumb Code    46  printfa.o(i._printf_pre_padding)
    i._sputc                                 0x08005516   Section        0  printf2.o(i._sputc)
    _sputc                                   0x08005517   Thumb Code    10  printf2.o(i._sputc)
    i._sputc                                 0x08005520   Section        0  printfa.o(i._sputc)
    _sputc                                   0x08005521   Thumb Code    10  printfa.o(i._sputc)
    .constdata                               0x0800552a   Section     1524  asc12.o(.constdata)
    .constdata                               0x08005b1e   Section     4096  asc16.o(.constdata)
    .constdata                               0x08006b1e   Section      262  hz12.o(.constdata)
    .constdata                               0x08006c24   Section     1362  hz16.o(.constdata)
    .constdata                               0x08007176   Section       64  ctype_c.o(.constdata)
    .data                                    0x20000000   Section       20  stm32f10x_rcc.o(.data)
    APBAHBPrescTable                         0x20000000   Data          16  stm32f10x_rcc.o(.data)
    ADCPrescTable                            0x20000010   Data           4  stm32f10x_rcc.o(.data)
    .data                                    0x20000014   Section       20  system_stm32f10x.o(.data)
    .data                                    0x20000028   Section        2  usart.o(.data)
    .data                                    0x2000002a   Section        3  usart2.o(.data)
    .data                                    0x2000002e   Section       17  oled.o(.data)
    s_ucUpdateEn                             0x2000003e   Data           1  oled.o(.data)
    .data                                    0x2000003f   Section        1  buzz.o(.data)
    .data                                    0x20000040   Section       12  main.o(.data)
    .data                                    0x2000004c   Section        2  stm32f10x_it.o(.data)
    .data                                    0x20000050   Section        4  stdout.o(.data)
    .bss                                     0x20000054   Section     1044  esp8266.o(.bss)
    .bss                                     0x20000468   Section      256  usart.o(.bss)
    .bss                                     0x20000568   Section     2048  usart2.o(.bss)
    .bss                                     0x20000d68   Section     1024  oled.o(.bss)
    s_ucGRAM                                 0x20000d68   Data        1024  oled.o(.bss)
    .bss                                     0x20001168   Section     1024  main.o(.bss)
    STACK                                    0x20001568   Section     1024  startup_stm32f10x_md.o(STACK)

    Global Symbols

    Symbol Name                              Value     Ov Type        Size  Object(Section)

    BuildAttributes$$THM_ISAv4$P$D$K$B$S$PE$A:L22UL41UL21$X:L11$S22US41US21$IEEE1$IW$USESV6$~STKCKD$USESV7$~SHL$OSPACE$ROPI$EBA8$MICROLIB$REQ8$PRES8$EABIv2 0x00000000   Number         0  anon$$obj.o ABSOLUTE
    __ARM_use_no_argv                        0x00000000   Number         0  main.o ABSOLUTE
    _printf_a                                0x00000000   Number         0  stubs.o ABSOLUTE
    _printf_c                                0x00000000   Number         0  stubs.o ABSOLUTE
    _printf_charcount                        0x00000000   Number         0  stubs.o ABSOLUTE
    _printf_d                                0x00000000   Number         0  stubs.o ABSOLUTE
    _printf_e                                0x00000000   Number         0  stubs.o ABSOLUTE
    _printf_f                                0x00000000   Number         0  stubs.o ABSOLUTE
    _printf_flags                            0x00000000   Number         0  stubs.o ABSOLUTE
    _printf_fp_dec                           0x00000000   Number         0  stubs.o ABSOLUTE
    _printf_fp_hex                           0x00000000   Number         0  stubs.o ABSOLUTE
    _printf_g                                0x00000000   Number         0  stubs.o ABSOLUTE
    _printf_i                                0x00000000   Number         0  stubs.o ABSOLUTE
    _printf_int_dec                          0x00000000   Number         0  stubs.o ABSOLUTE
    _printf_l                                0x00000000   Number         0  stubs.o ABSOLUTE
    _printf_lc                               0x00000000   Number         0  stubs.o ABSOLUTE
    _printf_ll                               0x00000000   Number         0  stubs.o ABSOLUTE
    _printf_lld                              0x00000000   Number         0  stubs.o ABSOLUTE
    _printf_lli                              0x00000000   Number         0  stubs.o ABSOLUTE
    _printf_llo                              0x00000000   Number         0  stubs.o ABSOLUTE
    _printf_llu                              0x00000000   Number         0  stubs.o ABSOLUTE
    _printf_llx                              0x00000000   Number         0  stubs.o ABSOLUTE
    _printf_longlong_dec                     0x00000000   Number         0  stubs.o ABSOLUTE
    _printf_longlong_hex                     0x00000000   Number         0  stubs.o ABSOLUTE
    _printf_longlong_oct                     0x00000000   Number         0  stubs.o ABSOLUTE
    _printf_ls                               0x00000000   Number         0  stubs.o ABSOLUTE
    _printf_mbtowc                           0x00000000   Number         0  stubs.o ABSOLUTE
    _printf_n                                0x00000000   Number         0  stubs.o ABSOLUTE
    _printf_o                                0x00000000   Number         0  stubs.o ABSOLUTE
    _printf_p                                0x00000000   Number         0  stubs.o ABSOLUTE
    _printf_percent                          0x00000000   Number         0  stubs.o ABSOLUTE
    _printf_pre_padding                      0x00000000   Number         0  stubs.o ABSOLUTE
    _printf_return_value                     0x00000000   Number         0  stubs.o ABSOLUTE
    _printf_s                                0x00000000   Number         0  stubs.o ABSOLUTE
    _printf_sizespec                         0x00000000   Number         0  stubs.o ABSOLUTE
    _printf_str                              0x00000000   Number         0  stubs.o ABSOLUTE
    _printf_truncate_signed                  0x00000000   Number         0  stubs.o ABSOLUTE
    _printf_truncate_unsigned                0x00000000   Number         0  stubs.o ABSOLUTE
    _printf_u                                0x00000000   Number         0  stubs.o ABSOLUTE
    _printf_wc                               0x00000000   Number         0  stubs.o ABSOLUTE
    _printf_wctomb                           0x00000000   Number         0  stubs.o ABSOLUTE
    _printf_widthprec                        0x00000000   Number         0  stubs.o ABSOLUTE
    _printf_x                                0x00000000   Number         0  stubs.o ABSOLUTE
    __cpp_initialize__aeabi_                  - Undefined Weak Reference
    __cxa_finalize                            - Undefined Weak Reference
    __decompress                              - Undefined Weak Reference
    _clock_init                               - Undefined Weak Reference
    _microlib_exit                            - Undefined Weak Reference
    _scanf_int                                - Undefined Weak Reference
    _scanf_longlong                           - Undefined Weak Reference
    _scanf_real                               - Undefined Weak Reference
    __Vectors_Size                           0x000000ec   Number         0  startup_stm32f10x_md.o ABSOLUTE
    __Vectors                                0x08000000   Data           4  startup_stm32f10x_md.o(RESET)
    __Vectors_End                            0x080000ec   Data           0  startup_stm32f10x_md.o(RESET)
    __main                                   0x080000ed   Thumb Code     0  entry.o(.ARM.Collect$$$$00000000)
    _main_stk                                0x080000ed   Thumb Code     0  entry2.o(.ARM.Collect$$$$00000001)
    _main_scatterload                        0x080000f1   Thumb Code     0  entry5.o(.ARM.Collect$$$$00000004)
    __main_after_scatterload                 0x080000f5   Thumb Code     0  entry5.o(.ARM.Collect$$$$00000004)
    _main_clock                              0x080000f5   Thumb Code     0  entry7b.o(.ARM.Collect$$$$00000008)
    _main_cpp_init                           0x080000f5   Thumb Code     0  entry8b.o(.ARM.Collect$$$$0000000A)
    _main_init                               0x080000f5   Thumb Code     0  entry9a.o(.ARM.Collect$$$$0000000B)
    __rt_final_cpp                           0x080000fd   Thumb Code     0  entry10a.o(.ARM.Collect$$$$0000000D)
    __rt_final_exit                          0x080000fd   Thumb Code     0  entry11a.o(.ARM.Collect$$$$0000000F)
    Reset_Handler                            0x08000101   Thumb Code     8  startup_stm32f10x_md.o(.text)
    ADC1_2_IRQHandler                        0x0800011b   Thumb Code     0  startup_stm32f10x_md.o(.text)
    CAN1_RX1_IRQHandler                      0x0800011b   Thumb Code     0  startup_stm32f10x_md.o(.text)
    CAN1_SCE_IRQHandler                      0x0800011b   Thumb Code     0  startup_stm32f10x_md.o(.text)
    DMA1_Channel1_IRQHandler                 0x0800011b   Thumb Code     0  startup_stm32f10x_md.o(.text)
    DMA1_Channel2_IRQHandler                 0x0800011b   Thumb Code     0  startup_stm32f10x_md.o(.text)
    DMA1_Channel3_IRQHandler                 0x0800011b   Thumb Code     0  startup_stm32f10x_md.o(.text)
    DMA1_Channel4_IRQHandler                 0x0800011b   Thumb Code     0  startup_stm32f10x_md.o(.text)
    DMA1_Channel5_IRQHandler                 0x0800011b   Thumb Code     0  startup_stm32f10x_md.o(.text)
    DMA1_Channel6_IRQHandler                 0x0800011b   Thumb Code     0  startup_stm32f10x_md.o(.text)
    DMA1_Channel7_IRQHandler                 0x0800011b   Thumb Code     0  startup_stm32f10x_md.o(.text)
    EXTI0_IRQHandler                         0x0800011b   Thumb Code     0  startup_stm32f10x_md.o(.text)
    EXTI15_10_IRQHandler                     0x0800011b   Thumb Code     0  startup_stm32f10x_md.o(.text)
    EXTI1_IRQHandler                         0x0800011b   Thumb Code     0  startup_stm32f10x_md.o(.text)
    EXTI2_IRQHandler                         0x0800011b   Thumb Code     0  startup_stm32f10x_md.o(.text)
    EXTI3_IRQHandler                         0x0800011b   Thumb Code     0  startup_stm32f10x_md.o(.text)
    EXTI4_IRQHandler                         0x0800011b   Thumb Code     0  startup_stm32f10x_md.o(.text)
    FLASH_IRQHandler                         0x0800011b   Thumb Code     0  startup_stm32f10x_md.o(.text)
    I2C1_ER_IRQHandler                       0x0800011b   Thumb Code     0  startup_stm32f10x_md.o(.text)
    I2C1_EV_IRQHandler                       0x0800011b   Thumb Code     0  startup_stm32f10x_md.o(.text)
    I2C2_ER_IRQHandler                       0x0800011b   Thumb Code     0  startup_stm32f10x_md.o(.text)
    I2C2_EV_IRQHandler                       0x0800011b   Thumb Code     0  startup_stm32f10x_md.o(.text)
    PVD_IRQHandler                           0x0800011b   Thumb Code     0  startup_stm32f10x_md.o(.text)
    RCC_IRQHandler                           0x0800011b   Thumb Code     0  startup_stm32f10x_md.o(.text)
    RTCAlarm_IRQHandler                      0x0800011b   Thumb Code     0  startup_stm32f10x_md.o(.text)
    RTC_IRQHandler                           0x0800011b   Thumb Code     0  startup_stm32f10x_md.o(.text)
    SPI1_IRQHandler                          0x0800011b   Thumb Code     0  startup_stm32f10x_md.o(.text)
    SPI2_IRQHandler                          0x0800011b   Thumb Code     0  startup_stm32f10x_md.o(.text)
    TAMPER_IRQHandler                        0x0800011b   Thumb Code     0  startup_stm32f10x_md.o(.text)
    TIM1_BRK_IRQHandler                      0x0800011b   Thumb Code     0  startup_stm32f10x_md.o(.text)
    TIM1_CC_IRQHandler                       0x0800011b   Thumb Code     0  startup_stm32f10x_md.o(.text)
    TIM1_TRG_COM_IRQHandler                  0x0800011b   Thumb Code     0  startup_stm32f10x_md.o(.text)
    TIM1_UP_IRQHandler                       0x0800011b   Thumb Code     0  startup_stm32f10x_md.o(.text)
    TIM3_IRQHandler                          0x0800011b   Thumb Code     0  startup_stm32f10x_md.o(.text)
    TIM4_IRQHandler                          0x0800011b   Thumb Code     0  startup_stm32f10x_md.o(.text)
    USART3_IRQHandler                        0x0800011b   Thumb Code     0  startup_stm32f10x_md.o(.text)
    USBWakeUp_IRQHandler                     0x0800011b   Thumb Code     0  startup_stm32f10x_md.o(.text)
    USB_HP_CAN1_TX_IRQHandler                0x0800011b   Thumb Code     0  startup_stm32f10x_md.o(.text)
    USB_LP_CAN1_RX0_IRQHandler               0x0800011b   Thumb Code     0  startup_stm32f10x_md.o(.text)
    WWDG_IRQHandler                          0x0800011b   Thumb Code     0  startup_stm32f10x_md.o(.text)
    NVIC_PriorityGroupConfig                 0x08000125   Thumb Code    10  misc.o(.text)
    NVIC_Init                                0x0800012f   Thumb Code   100  misc.o(.text)
    NVIC_SetVectorTable                      0x08000193   Thumb Code    14  misc.o(.text)
    NVIC_SystemLPConfig                      0x080001a1   Thumb Code    34  misc.o(.text)
    SysTick_CLKSourceConfig                  0x080001c3   Thumb Code    40  misc.o(.text)
    DMA_DeInit                               0x08000201   Thumb Code   324  stm32f10x_dma.o(.text)
    DMA_Init                                 0x08000345   Thumb Code    60  stm32f10x_dma.o(.text)
    DMA_StructInit                           0x08000381   Thumb Code    26  stm32f10x_dma.o(.text)
    DMA_Cmd                                  0x0800039b   Thumb Code    24  stm32f10x_dma.o(.text)
    DMA_ITConfig                             0x080003b3   Thumb Code    18  stm32f10x_dma.o(.text)
    DMA_SetCurrDataCounter                   0x080003c5   Thumb Code     4  stm32f10x_dma.o(.text)
    DMA_GetCurrDataCounter                   0x080003c9   Thumb Code     8  stm32f10x_dma.o(.text)
    DMA_GetFlagStatus                        0x080003d1   Thumb Code    40  stm32f10x_dma.o(.text)
    DMA_ClearFlag                            0x080003f9   Thumb Code    22  stm32f10x_dma.o(.text)
    DMA_GetITStatus                          0x0800040f   Thumb Code    40  stm32f10x_dma.o(.text)
    DMA_ClearITPendingBit                    0x08000437   Thumb Code    22  stm32f10x_dma.o(.text)
    EXTI_DeInit                              0x08000455   Thumb Code    28  stm32f10x_exti.o(.text)
    EXTI_Init                                0x08000471   Thumb Code   142  stm32f10x_exti.o(.text)
    EXTI_StructInit                          0x080004ff   Thumb Code    16  stm32f10x_exti.o(.text)
    EXTI_GenerateSWInterrupt                 0x0800050f   Thumb Code    16  stm32f10x_exti.o(.text)
    EXTI_GetFlagStatus                       0x0800051f   Thumb Code    22  stm32f10x_exti.o(.text)
    EXTI_ClearFlag                           0x08000535   Thumb Code     8  stm32f10x_exti.o(.text)
    EXTI_GetITStatus                         0x0800053d   Thumb Code    34  stm32f10x_exti.o(.text)
    EXTI_ClearITPendingBit                   0x0800055f   Thumb Code     8  stm32f10x_exti.o(.text)
    GPIO_DeInit                              0x08000571   Thumb Code   172  stm32f10x_gpio.o(.text)
    GPIO_AFIODeInit                          0x0800061d   Thumb Code    20  stm32f10x_gpio.o(.text)
    GPIO_Init                                0x08000631   Thumb Code   278  stm32f10x_gpio.o(.text)
    GPIO_StructInit                          0x08000747   Thumb Code    16  stm32f10x_gpio.o(.text)
    GPIO_ReadInputDataBit                    0x08000757   Thumb Code    18  stm32f10x_gpio.o(.text)
    GPIO_ReadInputData                       0x08000769   Thumb Code     8  stm32f10x_gpio.o(.text)
    GPIO_ReadOutputDataBit                   0x08000771   Thumb Code    18  stm32f10x_gpio.o(.text)
    GPIO_ReadOutputData                      0x08000783   Thumb Code     8  stm32f10x_gpio.o(.text)
    GPIO_SetBits                             0x0800078b   Thumb Code     4  stm32f10x_gpio.o(.text)
    GPIO_ResetBits                           0x0800078f   Thumb Code     4  stm32f10x_gpio.o(.text)
    GPIO_WriteBit                            0x08000793   Thumb Code    10  stm32f10x_gpio.o(.text)
    GPIO_Write                               0x0800079d   Thumb Code     4  stm32f10x_gpio.o(.text)
    GPIO_PinLockConfig                       0x080007a1   Thumb Code    18  stm32f10x_gpio.o(.text)
    GPIO_EventOutputConfig                   0x080007b3   Thumb Code    26  stm32f10x_gpio.o(.text)
    GPIO_EventOutputCmd                      0x080007cd   Thumb Code     6  stm32f10x_gpio.o(.text)
    GPIO_PinRemapConfig                      0x080007d3   Thumb Code   138  stm32f10x_gpio.o(.text)
    GPIO_EXTILineConfig                      0x0800085d   Thumb Code    66  stm32f10x_gpio.o(.text)
    GPIO_ETH_MediaInterfaceConfig            0x0800089f   Thumb Code     8  stm32f10x_gpio.o(.text)
    RCC_DeInit                               0x080008cd   Thumb Code    64  stm32f10x_rcc.o(.text)
    RCC_HSEConfig                            0x0800090d   Thumb Code    70  stm32f10x_rcc.o(.text)
    RCC_GetFlagStatus                        0x08000953   Thumb Code    56  stm32f10x_rcc.o(.text)
    RCC_WaitForHSEStartUp                    0x0800098b   Thumb Code    56  stm32f10x_rcc.o(.text)
    RCC_AdjustHSICalibrationValue            0x080009c3   Thumb Code    20  stm32f10x_rcc.o(.text)
    RCC_HSICmd                               0x080009d7   Thumb Code     6  stm32f10x_rcc.o(.text)
    RCC_PLLConfig                            0x080009dd   Thumb Code    24  stm32f10x_rcc.o(.text)
    RCC_PLLCmd                               0x080009f5   Thumb Code     6  stm32f10x_rcc.o(.text)
    RCC_SYSCLKConfig                         0x080009fb   Thumb Code    18  stm32f10x_rcc.o(.text)
    RCC_GetSYSCLKSource                      0x08000a0d   Thumb Code    10  stm32f10x_rcc.o(.text)
    RCC_HCLKConfig                           0x08000a17   Thumb Code    18  stm32f10x_rcc.o(.text)
    RCC_PCLK1Config                          0x08000a29   Thumb Code    18  stm32f10x_rcc.o(.text)
    RCC_PCLK2Config                          0x08000a3b   Thumb Code    20  stm32f10x_rcc.o(.text)
    RCC_ITConfig                             0x08000a4f   Thumb Code    26  stm32f10x_rcc.o(.text)
    RCC_USBCLKConfig                         0x08000a69   Thumb Code     8  stm32f10x_rcc.o(.text)
    RCC_ADCCLKConfig                         0x08000a71   Thumb Code    18  stm32f10x_rcc.o(.text)
    RCC_LSEConfig                            0x08000a83   Thumb Code    50  stm32f10x_rcc.o(.text)
    RCC_LSICmd                               0x08000ab5   Thumb Code     6  stm32f10x_rcc.o(.text)
    RCC_RTCCLKConfig                         0x08000abb   Thumb Code    12  stm32f10x_rcc.o(.text)
    RCC_RTCCLKCmd                            0x08000ac7   Thumb Code     8  stm32f10x_rcc.o(.text)
    RCC_GetClocksFreq                        0x08000acf   Thumb Code   192  stm32f10x_rcc.o(.text)
    RCC_AHBPeriphClockCmd                    0x08000b8f   Thumb Code    26  stm32f10x_rcc.o(.text)
    RCC_APB2PeriphClockCmd                   0x08000ba9   Thumb Code    26  stm32f10x_rcc.o(.text)
    RCC_APB1PeriphClockCmd                   0x08000bc3   Thumb Code    26  stm32f10x_rcc.o(.text)
    RCC_APB2PeriphResetCmd                   0x08000bdd   Thumb Code    26  stm32f10x_rcc.o(.text)
    RCC_APB1PeriphResetCmd                   0x08000bf7   Thumb Code    26  stm32f10x_rcc.o(.text)
    RCC_BackupResetCmd                       0x08000c11   Thumb Code     8  stm32f10x_rcc.o(.text)
    RCC_ClockSecuritySystemCmd               0x08000c19   Thumb Code     6  stm32f10x_rcc.o(.text)
    RCC_MCOConfig                            0x08000c1f   Thumb Code     6  stm32f10x_rcc.o(.text)
    RCC_ClearFlag                            0x08000c25   Thumb Code    14  stm32f10x_rcc.o(.text)
    RCC_GetITStatus                          0x08000c33   Thumb Code    20  stm32f10x_rcc.o(.text)
    RCC_ClearITPendingBit                    0x08000c47   Thumb Code     6  stm32f10x_rcc.o(.text)
    TIM_DeInit                               0x08000c71   Thumb Code   424  stm32f10x_tim.o(.text)
    TIM_TimeBaseInit                         0x08000e19   Thumb Code   122  stm32f10x_tim.o(.text)
    TIM_OC1Init                              0x08000e93   Thumb Code   132  stm32f10x_tim.o(.text)
    TIM_OC2Init                              0x08000f17   Thumb Code   154  stm32f10x_tim.o(.text)
    TIM_OC3Init                              0x08000fb1   Thumb Code   150  stm32f10x_tim.o(.text)
    TIM_OC4Init                              0x08001047   Thumb Code   182  stm32f10x_tim.o(.text)
    TIM_SetIC4Prescaler                      0x080010fd   Thumb Code    26  stm32f10x_tim.o(.text)
    TIM_SetIC3Prescaler                      0x08001199   Thumb Code    18  stm32f10x_tim.o(.text)
    TIM_SetIC2Prescaler                      0x08001225   Thumb Code    26  stm32f10x_tim.o(.text)
    TIM_SetIC1Prescaler                      0x080012c1   Thumb Code    18  stm32f10x_tim.o(.text)
    TIM_ICInit                               0x0800133f   Thumb Code   150  stm32f10x_tim.o(.text)
    TIM_PWMIConfig                           0x080013d5   Thumb Code   124  stm32f10x_tim.o(.text)
    TIM_BDTRConfig                           0x08001451   Thumb Code    32  stm32f10x_tim.o(.text)
    TIM_TimeBaseStructInit                   0x08001471   Thumb Code    18  stm32f10x_tim.o(.text)
    TIM_OCStructInit                         0x08001483   Thumb Code    20  stm32f10x_tim.o(.text)
    TIM_ICStructInit                         0x08001497   Thumb Code    18  stm32f10x_tim.o(.text)
    TIM_BDTRStructInit                       0x080014a9   Thumb Code    40  stm32f10x_tim.o(.text)
    TIM_Cmd                                  0x080014d1   Thumb Code    24  stm32f10x_tim.o(.text)
    TIM_CtrlPWMOutputs                       0x080014e9   Thumb Code    30  stm32f10x_tim.o(.text)
    TIM_ITConfig                             0x08001507   Thumb Code    18  stm32f10x_tim.o(.text)
    TIM_GenerateEvent                        0x08001519   Thumb Code     4  stm32f10x_tim.o(.text)
    TIM_DMAConfig                            0x0800151d   Thumb Code    10  stm32f10x_tim.o(.text)
    TIM_DMACmd                               0x08001527   Thumb Code    18  stm32f10x_tim.o(.text)
    TIM_InternalClockConfig                  0x08001539   Thumb Code    12  stm32f10x_tim.o(.text)
    TIM_SelectInputTrigger                   0x08001545   Thumb Code    18  stm32f10x_tim.o(.text)
    TIM_ITRxExternalClockConfig              0x08001557   Thumb Code    24  stm32f10x_tim.o(.text)
    TIM_TIxExternalClockConfig               0x0800156f   Thumb Code    62  stm32f10x_tim.o(.text)
    TIM_ETRConfig                            0x080015ad   Thumb Code    28  stm32f10x_tim.o(.text)
    TIM_ETRClockMode1Config                  0x080015c9   Thumb Code    54  stm32f10x_tim.o(.text)
    TIM_ETRClockMode2Config                  0x080015ff   Thumb Code    32  stm32f10x_tim.o(.text)
    TIM_PrescalerConfig                      0x0800161f   Thumb Code     6  stm32f10x_tim.o(.text)
    TIM_CounterModeConfig                    0x08001625   Thumb Code    18  stm32f10x_tim.o(.text)
    TIM_EncoderInterfaceConfig               0x08001637   Thumb Code    66  stm32f10x_tim.o(.text)
    TIM_ForcedOC1Config                      0x08001679   Thumb Code    18  stm32f10x_tim.o(.text)
    TIM_ForcedOC2Config                      0x0800168b   Thumb Code    26  stm32f10x_tim.o(.text)
    TIM_ForcedOC3Config                      0x080016a5   Thumb Code    18  stm32f10x_tim.o(.text)
    TIM_ForcedOC4Config                      0x080016b7   Thumb Code    26  stm32f10x_tim.o(.text)
    TIM_ARRPreloadConfig                     0x080016d1   Thumb Code    24  stm32f10x_tim.o(.text)
    TIM_SelectCOM                            0x080016e9   Thumb Code    24  stm32f10x_tim.o(.text)
    TIM_SelectCCDMA                          0x08001701   Thumb Code    24  stm32f10x_tim.o(.text)
    TIM_CCPreloadControl                     0x08001719   Thumb Code    24  stm32f10x_tim.o(.text)
    TIM_OC1PreloadConfig                     0x08001731   Thumb Code    18  stm32f10x_tim.o(.text)
    TIM_OC2PreloadConfig                     0x08001743   Thumb Code    26  stm32f10x_tim.o(.text)
    TIM_OC3PreloadConfig                     0x0800175d   Thumb Code    18  stm32f10x_tim.o(.text)
    TIM_OC4PreloadConfig                     0x0800176f   Thumb Code    26  stm32f10x_tim.o(.text)
    TIM_OC1FastConfig                        0x08001789   Thumb Code    18  stm32f10x_tim.o(.text)
    TIM_OC2FastConfig                        0x0800179b   Thumb Code    26  stm32f10x_tim.o(.text)
    TIM_OC3FastConfig                        0x080017b5   Thumb Code    18  stm32f10x_tim.o(.text)
    TIM_OC4FastConfig                        0x080017c7   Thumb Code    26  stm32f10x_tim.o(.text)
    TIM_ClearOC1Ref                          0x080017e1   Thumb Code    18  stm32f10x_tim.o(.text)
    TIM_ClearOC2Ref                          0x080017f3   Thumb Code    24  stm32f10x_tim.o(.text)
    TIM_ClearOC3Ref                          0x0800180b   Thumb Code    18  stm32f10x_tim.o(.text)
    TIM_ClearOC4Ref                          0x0800181d   Thumb Code    24  stm32f10x_tim.o(.text)
    TIM_OC1PolarityConfig                    0x08001835   Thumb Code    18  stm32f10x_tim.o(.text)
    TIM_OC1NPolarityConfig                   0x08001847   Thumb Code    18  stm32f10x_tim.o(.text)
    TIM_OC2PolarityConfig                    0x08001859   Thumb Code    26  stm32f10x_tim.o(.text)
    TIM_OC2NPolarityConfig                   0x08001873   Thumb Code    26  stm32f10x_tim.o(.text)
    TIM_OC3PolarityConfig                    0x0800188d   Thumb Code    26  stm32f10x_tim.o(.text)
    TIM_OC3NPolarityConfig                   0x080018a7   Thumb Code    26  stm32f10x_tim.o(.text)
    TIM_OC4PolarityConfig                    0x080018c1   Thumb Code    26  stm32f10x_tim.o(.text)
    TIM_CCxCmd                               0x080018db   Thumb Code    30  stm32f10x_tim.o(.text)
    TIM_CCxNCmd                              0x080018f9   Thumb Code    30  stm32f10x_tim.o(.text)
    TIM_SelectOCxM                           0x08001917   Thumb Code    82  stm32f10x_tim.o(.text)
    TIM_UpdateDisableConfig                  0x08001969   Thumb Code    24  stm32f10x_tim.o(.text)
    TIM_UpdateRequestConfig                  0x08001981   Thumb Code    24  stm32f10x_tim.o(.text)
    TIM_SelectHallSensor                     0x08001999   Thumb Code    24  stm32f10x_tim.o(.text)
    TIM_SelectOnePulseMode                   0x080019b1   Thumb Code    18  stm32f10x_tim.o(.text)
    TIM_SelectOutputTrigger                  0x080019c3   Thumb Code    18  stm32f10x_tim.o(.text)
    TIM_SelectSlaveMode                      0x080019d5   Thumb Code    18  stm32f10x_tim.o(.text)
    TIM_SelectMasterSlaveMode                0x080019e7   Thumb Code    18  stm32f10x_tim.o(.text)
    TIM_SetCounter                           0x080019f9   Thumb Code     4  stm32f10x_tim.o(.text)
    TIM_SetAutoreload                        0x080019fd   Thumb Code     4  stm32f10x_tim.o(.text)
    TIM_SetCompare1                          0x08001a01   Thumb Code     4  stm32f10x_tim.o(.text)
    TIM_SetCompare2                          0x08001a05   Thumb Code     4  stm32f10x_tim.o(.text)
    TIM_SetCompare3                          0x08001a09   Thumb Code     4  stm32f10x_tim.o(.text)
    TIM_SetCompare4                          0x08001a0d   Thumb Code     6  stm32f10x_tim.o(.text)
    TIM_SetClockDivision                     0x08001a13   Thumb Code    18  stm32f10x_tim.o(.text)
    TIM_GetCapture1                          0x08001a25   Thumb Code     6  stm32f10x_tim.o(.text)
    TIM_GetCapture2                          0x08001a2b   Thumb Code     6  stm32f10x_tim.o(.text)
    TIM_GetCapture3                          0x08001a31   Thumb Code     6  stm32f10x_tim.o(.text)
    TIM_GetCapture4                          0x08001a37   Thumb Code     8  stm32f10x_tim.o(.text)
    TIM_GetCounter                           0x08001a3f   Thumb Code     6  stm32f10x_tim.o(.text)
    TIM_GetPrescaler                         0x08001a45   Thumb Code     6  stm32f10x_tim.o(.text)
    TIM_GetFlagStatus                        0x08001a4b   Thumb Code    18  stm32f10x_tim.o(.text)
    TIM_ClearFlag                            0x08001a5d   Thumb Code     6  stm32f10x_tim.o(.text)
    TIM_GetITStatus                          0x08001a63   Thumb Code    34  stm32f10x_tim.o(.text)
    TIM_ClearITPendingBit                    0x08001a85   Thumb Code     6  stm32f10x_tim.o(.text)
    USART_DeInit                             0x08001a8d   Thumb Code   134  stm32f10x_usart.o(.text)
    USART_Init                               0x08001b13   Thumb Code   210  stm32f10x_usart.o(.text)
    USART_StructInit                         0x08001be5   Thumb Code    24  stm32f10x_usart.o(.text)
    USART_ClockInit                          0x08001bfd   Thumb Code    34  stm32f10x_usart.o(.text)
    USART_ClockStructInit                    0x08001c1f   Thumb Code    12  stm32f10x_usart.o(.text)
    USART_Cmd                                0x08001c2b   Thumb Code    24  stm32f10x_usart.o(.text)
    USART_ITConfig                           0x08001c43   Thumb Code    74  stm32f10x_usart.o(.text)
    USART_DMACmd                             0x08001c8d   Thumb Code    18  stm32f10x_usart.o(.text)
    USART_SetAddress                         0x08001c9f   Thumb Code    18  stm32f10x_usart.o(.text)
    USART_WakeUpConfig                       0x08001cb1   Thumb Code    18  stm32f10x_usart.o(.text)
    USART_ReceiverWakeUpCmd                  0x08001cc3   Thumb Code    24  stm32f10x_usart.o(.text)
    USART_LINBreakDetectLengthConfig         0x08001cdb   Thumb Code    18  stm32f10x_usart.o(.text)
    USART_LINCmd                             0x08001ced   Thumb Code    24  stm32f10x_usart.o(.text)
    USART_SendData                           0x08001d05   Thumb Code     8  stm32f10x_usart.o(.text)
    USART_ReceiveData                        0x08001d0d   Thumb Code    10  stm32f10x_usart.o(.text)
    USART_SendBreak                          0x08001d17   Thumb Code    10  stm32f10x_usart.o(.text)
    USART_SetGuardTime                       0x08001d21   Thumb Code    16  stm32f10x_usart.o(.text)
    USART_SetPrescaler                       0x08001d31   Thumb Code    16  stm32f10x_usart.o(.text)
    USART_SmartCardCmd                       0x08001d41   Thumb Code    24  stm32f10x_usart.o(.text)
    USART_SmartCardNACKCmd                   0x08001d59   Thumb Code    24  stm32f10x_usart.o(.text)
    USART_HalfDuplexCmd                      0x08001d71   Thumb Code    24  stm32f10x_usart.o(.text)
    USART_OverSampling8Cmd                   0x08001d89   Thumb Code    22  stm32f10x_usart.o(.text)
    USART_OneBitMethodCmd                    0x08001d9f   Thumb Code    24  stm32f10x_usart.o(.text)
    USART_IrDAConfig                         0x08001db7   Thumb Code    18  stm32f10x_usart.o(.text)
    USART_IrDACmd                            0x08001dc9   Thumb Code    24  stm32f10x_usart.o(.text)
    USART_GetFlagStatus                      0x08001de1   Thumb Code    26  stm32f10x_usart.o(.text)
    USART_ClearFlag                          0x08001dfb   Thumb Code    18  stm32f10x_usart.o(.text)
    USART_GetITStatus                        0x08001e0d   Thumb Code    84  stm32f10x_usart.o(.text)
    USART_ClearITPendingBit                  0x08001e61   Thumb Code    52  stm32f10x_usart.o(.text)
    SystemInit                               0x08001f73   Thumb Code    78  system_stm32f10x.o(.text)
    SystemCoreClockUpdate                    0x08001fc1   Thumb Code   142  system_stm32f10x.o(.text)
    LED_GPIO_Config                          0x08002075   Thumb Code    92  led.o(.text)
    LEDXToggle                               0x080020d1   Thumb Code    58  led.o(.text)
    MYDMA_Config                             0x08002115   Thumb Code    74  dma.o(.text)
    MYDMA_Enable                             0x0800215f   Thumb Code    32  dma.o(.text)
    ESP8266_SendCmd_OK                       0x08002181   Thumb Code    76  esp8266.o(.text)
    ESP8266_GetIP                            0x080021cd   Thumb Code   130  esp8266.o(.text)
    ESP8266_ConnectionAP                     0x0800224f   Thumb Code    84  esp8266.o(.text)
    ESP8266_SoftReset                        0x080022a3   Thumb Code    70  esp8266.o(.text)
    ESP8266_STA_TCPServer                    0x080022e9   Thumb Code   146  esp8266.o(.text)
    ESP8266_Connect_Server                   0x0800237b   Thumb Code   180  esp8266.o(.text)
    ESP8266_STA_TCPCLient                    0x0800242f   Thumb Code   162  esp8266.o(.text)
    ESP8266_Get_LinkSta                      0x080024d1   Thumb Code   124  esp8266.o(.text)
    ESP8266_Get_Data                         0x0800254d   Thumb Code   708  esp8266.o(.text)
    ESP8266_SendData                         0x08002811   Thumb Code   212  esp8266.o(.text)
    ESP8266_Exit_Transfer                    0x080028e5   Thumb Code    88  esp8266.o(.text)
    Char_to_Hex                              0x0800293d   Thumb Code   160  esp8266.o(.text)
    NVIC_Config1                             0x08002a59   Thumb Code    40  usart.o(.text)
    USART1_Config                            0x08002a81   Thumb Code   134  usart.o(.text)
    USART1_IRQHandler                        0x08002b07   Thumb Code   122  usart.o(.text)
    fputc                                    0x08002b81   Thumb Code    32  usart.o(.text)
    NVIC_Config2                             0x08002bb1   Thumb Code    40  usart2.o(.text)
    uart2_init                               0x08002bd9   Thumb Code   178  usart2.o(.text)
    USART2_IRQHandler                        0x08002c8b   Thumb Code    86  usart2.o(.text)
    u2_printf                                0x08002ce1   Thumb Code    56  usart2.o(.text)
    TimerNvic_Config                         0x08002d35   Thumb Code    38  timer.o(.text)
    TIM2_Config                              0x08002d5b   Thumb Code   102  timer.o(.text)
    TIM2_IRQHandler                          0x08002dc1   Thumb Code    34  timer.o(.text)
    SYSTICK_Init                             0x08002de9   Thumb Code    90  delay.o(.text)
    delay_us                                 0x08002e43   Thumb Code    16  delay.o(.text)
    delay_ms                                 0x08002e53   Thumb Code    26  delay.o(.text)
    OLEDDelay                                0x08002e81   Thumb Code    10  oled.o(.text)
    OLED_WR_Byte                             0x08002e8b   Thumb Code   100  oled.o(.text)
    OLED_Refresh_Gram                        0x08002eef   Thumb Code    70  oled.o(.text)
    OLED_InitHard                            0x08002fb9   Thumb Code   198  oled.o(.text)
    OLED_ClrScr                              0x080030c5   Thumb Code    50  oled.o(.text)
    OLED_Init                                0x080030f7   Thumb Code    46  oled.o(.text)
    OLED_DispOn                              0x08003125   Thumb Code    28  oled.o(.text)
    OLED_DispOff                             0x08003141   Thumb Code    28  oled.o(.text)
    OLED_StartDraw                           0x0800315d   Thumb Code     8  oled.o(.text)
    OLED_EndDraw                             0x08003165   Thumb Code    14  oled.o(.text)
    OLED_PutPixel                            0x08003173   Thumb Code   164  oled.o(.text)
    OLED_DispStr                             0x08003217   Thumb Code   422  oled.o(.text)
    OLED_GetPixel                            0x080033bd   Thumb Code    54  oled.o(.text)
    OLED_DrawLine                            0x080033f3   Thumb Code   224  oled.o(.text)
    OLED_DrawPoints                          0x080034d3   Thumb Code    58  oled.o(.text)
    OLED_DrawRect                            0x0800350d   Thumb Code   114  oled.o(.text)
    OLED_DrawCircle                          0x0800357f   Thumb Code   174  oled.o(.text)
    OLED_DrawBMP                             0x0800362d   Thumb Code    60  oled.o(.text)
    OLED_DisDigital                          0x08003669   Thumb Code   104  oled.o(.text)
    oled_pow                                 0x080036d1   Thumb Code    22  oled.o(.text)
    OLED_DisDecimal                          0x080036e7   Thumb Code   316  oled.o(.text)
    Exti_Config                              0x08003825   Thumb Code    80  exti.o(.text)
    Nvic_Config                              0x08003875   Thumb Code    42  exti.o(.text)
    EXTI9_5_IRQHandler                       0x0800389f   Thumb Code   154  exti.o(.text)
    BUZZ_GPIO_Config                         0x08003941   Thumb Code    38  buzz.o(.text)
    Beep                                     0x08003967   Thumb Code    54  buzz.o(.text)
    main                                     0x080039a1   Thumb Code   794  main.o(.text)
    NMI_Handler                              0x08003fa9   Thumb Code     2  stm32f10x_it.o(.text)
    HardFault_Handler                        0x08003fab   Thumb Code     4  stm32f10x_it.o(.text)
    MemManage_Handler                        0x08003faf   Thumb Code     4  stm32f10x_it.o(.text)
    BusFault_Handler                         0x08003fb3   Thumb Code     4  stm32f10x_it.o(.text)
    UsageFault_Handler                       0x08003fb7   Thumb Code     4  stm32f10x_it.o(.text)
    SVC_Handler                              0x08003fbb   Thumb Code     2  stm32f10x_it.o(.text)
    DebugMon_Handler                         0x08003fbd   Thumb Code     2  stm32f10x_it.o(.text)
    PendSV_Handler                           0x08003fbf   Thumb Code     2  stm32f10x_it.o(.text)
    SysTick_Handler                          0x08003fc1   Thumb Code    18  stm32f10x_it.o(.text)
    __aeabi_memcpy                           0x08003fd9   Thumb Code    36  memcpya.o(.text)
    __aeabi_memcpy4                          0x08003fd9   Thumb Code     0  memcpya.o(.text)
    __aeabi_memcpy8                          0x08003fd9   Thumb Code     0  memcpya.o(.text)
    __aeabi_memset                           0x08003ffd   Thumb Code    14  memseta.o(.text)
    __aeabi_memset4                          0x08003ffd   Thumb Code     0  memseta.o(.text)
    __aeabi_memset8                          0x08003ffd   Thumb Code     0  memseta.o(.text)
    __aeabi_memclr                           0x0800400b   Thumb Code     4  memseta.o(.text)
    __aeabi_memclr4                          0x0800400b   Thumb Code     0  memseta.o(.text)
    __aeabi_memclr8                          0x0800400b   Thumb Code     0  memseta.o(.text)
    _memset$wrapper                          0x0800400f   Thumb Code    18  memseta.o(.text)
    strstr                                   0x08004021   Thumb Code    36  strstr.o(.text)
    strlen                                   0x08004045   Thumb Code    14  strlen.o(.text)
    __0sscanf                                0x08004055   Thumb Code    48  __0sscanf.o(.text)
    _scanf_string                            0x0800408d   Thumb Code   224  _scanf_str.o(.text)
    __aeabi_dadd                             0x0800416d   Thumb Code   322  dadd.o(.text)
    __aeabi_dsub                             0x080042af   Thumb Code     6  dadd.o(.text)
    __aeabi_drsub                            0x080042b5   Thumb Code     6  dadd.o(.text)
    __aeabi_dmul                             0x080042bb   Thumb Code   228  dmul.o(.text)
    __aeabi_i2d                              0x0800439f   Thumb Code    34  dflti.o(.text)
    __aeabi_ui2d                             0x080043c1   Thumb Code    26  dfltui.o(.text)
    __aeabi_d2iz                             0x080043db   Thumb Code    62  dfixi.o(.text)
    __aeabi_d2uiz                            0x08004419   Thumb Code    50  dfixui.o(.text)
    __aeabi_uidiv                            0x0800444b   Thumb Code     0  uidiv.o(.text)
    __aeabi_uidivmod                         0x0800444b   Thumb Code    44  uidiv.o(.text)
    __aeabi_uldivmod                         0x08004477   Thumb Code    98  uldiv.o(.text)
    __aeabi_llsl                             0x080044d9   Thumb Code    30  llshl.o(.text)
    _ll_shift_l                              0x080044d9   Thumb Code     0  llshl.o(.text)
    __aeabi_llsr                             0x080044f7   Thumb Code    32  llushr.o(.text)
    _ll_ushift_r                             0x080044f7   Thumb Code     0  llushr.o(.text)
    __aeabi_lasr                             0x08004517   Thumb Code    36  llsshr.o(.text)
    _ll_sshift_r                             0x08004517   Thumb Code     0  llsshr.o(.text)
    __vfscanf_char                           0x08004549   Thumb Code    20  scanf_char.o(.text)
    _sgetc                                   0x08004565   Thumb Code    30  _sgetc.o(.text)
    _sbackspace                              0x08004583   Thumb Code    34  _sgetc.o(.text)
    __I$use$fp                               0x080045a5   Thumb Code     0  iusefp.o(.text)
    _double_round                            0x080045a5   Thumb Code    30  depilogue.o(.text)
    _double_epilogue                         0x080045c3   Thumb Code   156  depilogue.o(.text)
    __aeabi_ddiv                             0x0800465f   Thumb Code   222  ddiv.o(.text)
    __aeabi_d2ulz                            0x0800473d   Thumb Code    48  dfixul.o(.text)
    __aeabi_cdrcmple                         0x0800476d   Thumb Code    48  cdrcmple.o(.text)
    __scatterload                            0x0800479d   Thumb Code    28  init.o(.text)
    __scatterload_rt2                        0x0800479d   Thumb Code     0  init.o(.text)
    isspace                                  0x080047c1   Thumb Code    10  isspace_c.o(.text)
    __vfscanf                                0x080047cd   Thumb Code   808  _scanf.o(.text)
    __ctype_lookup                           0x08004af9   Thumb Code    34  ctype_c.o(.text)
    __0printf$2                              0x08004b21   Thumb Code    22  printf2.o(i.__0printf$2)
    __1printf$2                              0x08004b21   Thumb Code     0  printf2.o(i.__0printf$2)
    __2printf                                0x08004b21   Thumb Code     0  printf2.o(i.__0printf$2)
    __0sprintf$2                             0x08004b41   Thumb Code    34  printf2.o(i.__0sprintf$2)
    __1sprintf$2                             0x08004b41   Thumb Code     0  printf2.o(i.__0sprintf$2)
    __2sprintf                               0x08004b41   Thumb Code     0  printf2.o(i.__0sprintf$2)
    __0vsprintf                              0x08004b69   Thumb Code    30  printfa.o(i.__0vsprintf)
    __1vsprintf                              0x08004b69   Thumb Code     0  printfa.o(i.__0vsprintf)
    __2vsprintf                              0x08004b69   Thumb Code     0  printfa.o(i.__0vsprintf)
    __c89vsprintf                            0x08004b69   Thumb Code     0  printfa.o(i.__0vsprintf)
    vsprintf                                 0x08004b69   Thumb Code     0  printfa.o(i.__0vsprintf)
    __scatterload_copy                       0x08004b8d   Thumb Code    14  handlers.o(i.__scatterload_copy)
    __scatterload_null                       0x08004b9b   Thumb Code     2  handlers.o(i.__scatterload_null)
    __scatterload_zeroinit                   0x08004b9d   Thumb Code    14  handlers.o(i.__scatterload_zeroinit)
    g_Ascii12                                0x0800552a   Data        1524  asc12.o(.constdata)
    g_Ascii16                                0x08005b1e   Data        4096  asc16.o(.constdata)
    g_Hz12                                   0x08006b1e   Data         262  hz12.o(.constdata)
    g_Hz16                                   0x08006c24   Data        1362  hz16.o(.constdata)
    __ctype_categories                       0x08007176   Data          64  ctype_c.o(.constdata)
    Region$$Table$$Base                      0x080071b8   Number         0  anon$$obj.o(Region$$Table)
    Region$$Table$$Limit                     0x080071d8   Number         0  anon$$obj.o(Region$$Table)
    SystemCoreClock                          0x20000014   Data           4  system_stm32f10x.o(.data)
    AHBPrescTable                            0x20000018   Data          16  system_stm32f10x.o(.data)
    USART_RX_STA                             0x20000028   Data           2  usart.o(.data)
    USART2_RX_STA                            0x2000002a   Data           2  usart2.o(.data)
    USART2_DATA_FLAG                         0x2000002c   Data           1  usart2.o(.data)
    tFont12                                  0x2000002e   Data           8  oled.o(.data)
    tFont16                                  0x20000036   Data           8  oled.o(.data)
    Beep_flag                                0x2000003f   Data           1  buzz.o(.data)
    Data_len                                 0x20000040   Data           5  main.o(.data)
    Data_id                                  0x20000045   Data           5  main.o(.data)
    Send_Data                                0x2000004a   Data           2  main.o(.data)
    nTime                                    0x2000004c   Data           2  stm32f10x_it.o(.data)
    __stdout                                 0x20000050   Data           4  stdout.o(.data)
    Esp8266_DdtaBuff                         0x20000054   Data        1024  esp8266.o(.bss)
    IP_Buff                                  0x20000454   Data          20  esp8266.o(.bss)
    USART_RX_BUF                             0x20000468   Data         256  usart.o(.bss)
    USART2_RX_BUF                            0x20000568   Data        1024  usart2.o(.bss)
    USART2_TX_BUF                            0x20000968   Data        1024  usart2.o(.bss)
    Data_buff                                0x20001168   Data        1024  main.o(.bss)
    __initial_sp                             0x20001968   Data           0  startup_stm32f10x_md.o(STACK)



==============================================================================

Memory Map of the image

  Image Entry point : 0x080000ed

  Load Region LR_IROM1 (Base: 0x08000000, Size: 0x0000722c, Max: 0x00010000, ABSOLUTE)

    Execution Region ER_IROM1 (Base: 0x08000000, Size: 0x000071d8, Max: 0x00010000, ABSOLUTE)

    Base Addr    Size         Type   Attr      Idx    E Section Name        Object

    0x08000000   0x000000ec   Data   RO            3    RESET               startup_stm32f10x_md.o
    0x080000ec   0x00000000   Code   RO          706  * .ARM.Collect$$$$00000000  mc_w.l(entry.o)
    0x080000ec   0x00000004   Code   RO          996    .ARM.Collect$$$$00000001  mc_w.l(entry2.o)
    0x080000f0   0x00000004   Code   RO          999    .ARM.Collect$$$$00000004  mc_w.l(entry5.o)
    0x080000f4   0x00000000   Code   RO         1001    .ARM.Collect$$$$00000008  mc_w.l(entry7b.o)
    0x080000f4   0x00000000   Code   RO         1003    .ARM.Collect$$$$0000000A  mc_w.l(entry8b.o)
    0x080000f4   0x00000008   Code   RO         1004    .ARM.Collect$$$$0000000B  mc_w.l(entry9a.o)
    0x080000fc   0x00000000   Code   RO         1006    .ARM.Collect$$$$0000000D  mc_w.l(entry10a.o)
    0x080000fc   0x00000000   Code   RO         1008    .ARM.Collect$$$$0000000F  mc_w.l(entry11a.o)
    0x080000fc   0x00000004   Code   RO          997    .ARM.Collect$$$$00002712  mc_w.l(entry2.o)
    0x08000100   0x00000024   Code   RO            4    .text               startup_stm32f10x_md.o
    0x08000124   0x000000dc   Code   RO           10    .text               misc.o
    0x08000200   0x00000254   Code   RO          193    .text               stm32f10x_dma.o
    0x08000454   0x0000011c   Code   RO          205    .text               stm32f10x_exti.o
    0x08000570   0x0000035c   Code   RO          241    .text               stm32f10x_gpio.o
    0x080008cc   0x000003a4   Code   RO          289    .text               stm32f10x_rcc.o
    0x08000c70   0x00000e1a   Code   RO          339    .text               stm32f10x_tim.o
    0x08001a8a   0x00000002   PAD
    0x08001a8c   0x00000408   Code   RO          351    .text               stm32f10x_usart.o
    0x08001e94   0x000001e0   Code   RO          385    .text               system_stm32f10x.o
    0x08002074   0x000000a0   Code   RO          403    .text               led.o
    0x08002114   0x0000006a   Code   RO          418    .text               dma.o
    0x0800217e   0x00000002   PAD
    0x08002180   0x000008d8   Code   RO          433    .text               esp8266.o
    0x08002a58   0x00000158   Code   RO          472    .text               usart.o
    0x08002bb0   0x00000184   Code   RO          495    .text               usart2.o
    0x08002d34   0x000000b4   Code   RO          524    .text               timer.o
    0x08002de8   0x00000098   Code   RO          536    .text               delay.o
    0x08002e80   0x000009a2   Code   RO          553    .text               oled.o
    0x08003822   0x00000002   PAD
    0x08003824   0x0000011c   Code   RO          580    .text               exti.o
    0x08003940   0x00000060   Code   RO          614    .text               buzz.o
    0x080039a0   0x00000608   Code   RO          632    .text               main.o
    0x08003fa8   0x00000030   Code   RO          660    .text               stm32f10x_it.o
    0x08003fd8   0x00000024   Code   RO          709    .text               mc_w.l(memcpya.o)
    0x08003ffc   0x00000024   Code   RO          711    .text               mc_w.l(memseta.o)
    0x08004020   0x00000024   Code   RO          713    .text               mc_w.l(strstr.o)
    0x08004044   0x0000000e   Code   RO          715    .text               mc_w.l(strlen.o)
    0x08004052   0x00000002   PAD
    0x08004054   0x00000038   Code   RO          980    .text               mc_w.l(__0sscanf.o)
    0x0800408c   0x000000e0   Code   RO          982    .text               mc_w.l(_scanf_str.o)
    0x0800416c   0x0000014e   Code   RO          984    .text               mf_w.l(dadd.o)
    0x080042ba   0x000000e4   Code   RO          986    .text               mf_w.l(dmul.o)
    0x0800439e   0x00000022   Code   RO          988    .text               mf_w.l(dflti.o)
    0x080043c0   0x0000001a   Code   RO          990    .text               mf_w.l(dfltui.o)
    0x080043da   0x0000003e   Code   RO          992    .text               mf_w.l(dfixi.o)
    0x08004418   0x00000032   Code   RO          994    .text               mf_w.l(dfixui.o)
    0x0800444a   0x0000002c   Code   RO         1011    .text               mc_w.l(uidiv.o)
    0x08004476   0x00000062   Code   RO         1013    .text               mc_w.l(uldiv.o)
    0x080044d8   0x0000001e   Code   RO         1015    .text               mc_w.l(llshl.o)
    0x080044f6   0x00000020   Code   RO         1017    .text               mc_w.l(llushr.o)
    0x08004516   0x00000024   Code   RO         1019    .text               mc_w.l(llsshr.o)
    0x0800453a   0x00000002   PAD
    0x0800453c   0x00000028   Code   RO         1021    .text               mc_w.l(scanf_char.o)
    0x08004564   0x00000040   Code   RO         1023    .text               mc_w.l(_sgetc.o)
    0x080045a4   0x00000000   Code   RO         1025    .text               mc_w.l(iusefp.o)
    0x080045a4   0x000000ba   Code   RO         1026    .text               mf_w.l(depilogue.o)
    0x0800465e   0x000000de   Code   RO         1028    .text               mf_w.l(ddiv.o)
    0x0800473c   0x00000030   Code   RO         1030    .text               mf_w.l(dfixul.o)
    0x0800476c   0x00000030   Code   RO         1032    .text               mf_w.l(cdrcmple.o)
    0x0800479c   0x00000024   Code   RO         1034    .text               mc_w.l(init.o)
    0x080047c0   0x0000000a   Code   RO         1036    .text               mc_w.l(isspace_c.o)
    0x080047ca   0x00000002   PAD
    0x080047cc   0x0000032c   Code   RO         1038    .text               mc_w.l(_scanf.o)
    0x08004af8   0x00000028   Code   RO         1040    .text               mc_w.l(ctype_c.o)
    0x08004b20   0x00000020   Code   RO          786    i.__0printf$2       mc_w.l(printf2.o)
    0x08004b40   0x00000028   Code   RO          788    i.__0sprintf$2      mc_w.l(printf2.o)
    0x08004b68   0x00000024   Code   RO          958    i.__0vsprintf       mc_w.l(printfa.o)
    0x08004b8c   0x0000000e   Code   RO         1045    i.__scatterload_copy  mc_w.l(handlers.o)
    0x08004b9a   0x00000002   Code   RO         1046    i.__scatterload_null  mc_w.l(handlers.o)
    0x08004b9c   0x0000000e   Code   RO         1047    i.__scatterload_zeroinit  mc_w.l(handlers.o)
    0x08004baa   0x00000002   PAD
    0x08004bac   0x00000164   Code   RO          959    i._fp_digits        mc_w.l(printfa.o)
    0x08004d10   0x000000d6   Code   RO          793    i._printf_core      mc_w.l(printf2.o)
    0x08004de6   0x00000002   PAD
    0x08004de8   0x000006dc   Code   RO          960    i._printf_core      mc_w.l(printfa.o)
    0x080054c4   0x00000024   Code   RO          961    i._printf_post_padding  mc_w.l(printfa.o)
    0x080054e8   0x0000002e   Code   RO          962    i._printf_pre_padding  mc_w.l(printfa.o)
    0x08005516   0x0000000a   Code   RO          795    i._sputc            mc_w.l(printf2.o)
    0x08005520   0x0000000a   Code   RO          964    i._sputc            mc_w.l(printfa.o)
    0x0800552a   0x000005f4   Data   RO          678    .constdata          asc12.o
    0x08005b1e   0x00001000   Data   RO          685    .constdata          asc16.o
    0x08006b1e   0x00000106   Data   RO          692    .constdata          hz12.o
    0x08006c24   0x00000552   Data   RO          699    .constdata          hz16.o
    0x08007176   0x00000040   Data   RO         1041    .constdata          mc_w.l(ctype_c.o)
    0x080071b6   0x00000002   PAD
    0x080071b8   0x00000020   Data   RO         1043    Region$$Table       anon$$obj.o


    Execution Region RW_IRAM1 (Base: 0x20000000, Size: 0x00001968, Max: 0x00005000, ABSOLUTE)

    Base Addr    Size         Type   Attr      Idx    E Section Name        Object

    0x20000000   0x00000014   Data   RW          290    .data               stm32f10x_rcc.o
    0x20000014   0x00000014   Data   RW          386    .data               system_stm32f10x.o
    0x20000028   0x00000002   Data   RW          474    .data               usart.o
    0x2000002a   0x00000003   Data   RW          497    .data               usart2.o
    0x2000002d   0x00000001   PAD
    0x2000002e   0x00000011   Data   RW          555    .data               oled.o
    0x2000003f   0x00000001   Data   RW          615    .data               buzz.o
    0x20000040   0x0000000c   Data   RW          634    .data               main.o
    0x2000004c   0x00000002   Data   RW          661    .data               stm32f10x_it.o
    0x2000004e   0x00000002   PAD
    0x20000050   0x00000004   Data   RW         1010    .data               mc_w.l(stdout.o)
    0x20000054   0x00000414   Zero   RW          434    .bss                esp8266.o
    0x20000468   0x00000100   Zero   RW          473    .bss                usart.o
    0x20000568   0x00000800   Zero   RW          496    .bss                usart2.o
    0x20000d68   0x00000400   Zero   RW          554    .bss                oled.o
    0x20001168   0x00000400   Zero   RW          633    .bss                main.o
    0x20001568   0x00000400   Zero   RW            1    STACK               startup_stm32f10x_md.o


==============================================================================

Image component sizes


      Code (inc. data)   RO Data    RW Data    ZI Data      Debug   Object Name

         0          0       1524          0          0        456   asc12.o
         0          0       4096          0          0        456   asc16.o
        96          4          0          1          0        924   buzz.o
       152         20          0          0          0      16248   delay.o
       106          0          0          0          0       1168   dma.o
      2264        736          0          0       1044       5656   esp8266.o
       284          8          0          0          0        945   exti.o
         0          0        262          0          0        445   hz12.o
         0          0       1362          0          0        445   hz16.o
       160         10          0          0          0        729   led.o
      1544        742          0         12       1024      17185   main.o
       220         22          0          0          0     266329   misc.o
      2466         62          0         17       1024       9809   oled.o
        36          8        236          0       1024        952   startup_stm32f10x_md.o
       596          8          0          0          0       4474   stm32f10x_dma.o
       284         10          0          0          0       2375   stm32f10x_exti.o
       860         38          0          0          0       5789   stm32f10x_gpio.o
        48          6          0          2          0       1502   stm32f10x_it.o
       932         36          0         20          0       8996   stm32f10x_rcc.o
      3610         88          0          0          0      22272   stm32f10x_tim.o
      1032         22          0          0          0       8516   stm32f10x_usart.o
       480         38          0         20          0       2091   system_stm32f10x.o
       180          6          0          0          0        907   timer.o
       344         16          0          2        256       3145   usart.o
       388         28          0          3       2048       2535   usart2.o

    ----------------------------------------------------------------------
     16088       1908       7512         80       6420     384349   Object Totals
         0          0         32          0          0          0   (incl. Generated)
         6          0          0          3          0          0   (incl. Padding)

    ----------------------------------------------------------------------

      Code (inc. data)   RO Data    RW Data    ZI Data      Debug   Library Member Name

        56          8          0          0          0         84   __0sscanf.o
       812          4          0          0          0        112   _scanf.o
       224          0          0          0          0         96   _scanf_str.o
        64          0          0          0          0         84   _sgetc.o
        40          6         64          0          0         68   ctype_c.o
         0          0          0          0          0          0   entry.o
         0          0          0          0          0          0   entry10a.o
         0          0          0          0          0          0   entry11a.o
         8          4          0          0          0          0   entry2.o
         4          0          0          0          0          0   entry5.o
         0          0          0          0          0          0   entry7b.o
         0          0          0          0          0          0   entry8b.o
         8          4          0          0          0          0   entry9a.o
        30          0          0          0          0          0   handlers.o
        36          8          0          0          0         68   init.o
        10          0          0          0          0         68   isspace_c.o
         0          0          0          0          0          0   iusefp.o
        30          0          0          0          0         68   llshl.o
        36          0          0          0          0         68   llsshr.o
        32          0          0          0          0         68   llushr.o
        36          0          0          0          0         68   memcpya.o
        36          0          0          0          0        108   memseta.o
       296         16          0          0          0        328   printf2.o
      2240         86          0          0          0        508   printfa.o
        40          8          0          0          0         84   scanf_char.o
         0          0          0          4          0          0   stdout.o
        14          0          0          0          0         68   strlen.o
        36          0          0          0          0         80   strstr.o
        44          0          0          0          0         80   uidiv.o
        98          0          0          0          0         92   uldiv.o
        48          0          0          0          0         68   cdrcmple.o
       334          0          0          0          0        148   dadd.o
       222          0          0          0          0        100   ddiv.o
       186          0          0          0          0        176   depilogue.o
        62          0          0          0          0         80   dfixi.o
        50          0          0          0          0         76   dfixui.o
        48          0          0          0          0         68   dfixul.o
        34          0          0          0          0         76   dflti.o
        26          0          0          0          0         76   dfltui.o
       228          0          0          0          0         96   dmul.o

    ----------------------------------------------------------------------
      5478        144         66          4          0       3164   Library Totals
        10          0          2          0          0          0   (incl. Padding)

    ----------------------------------------------------------------------

      Code (inc. data)   RO Data    RW Data    ZI Data      Debug   Library Name

      4230        144         64          4          0       2200   mc_w.l
      1238          0          0          0          0        964   mf_w.l

    ----------------------------------------------------------------------
      5478        144         66          4          0       3164   Library Totals

    ----------------------------------------------------------------------

==============================================================================


      Code (inc. data)   RO Data    RW Data    ZI Data      Debug   

     21566       2052       7578         84       6420     384077   Grand Totals
     21566       2052       7578         84       6420     384077   ELF Image Totals
     21566       2052       7578         84          0          0   ROM Totals

==============================================================================

    Total RO  Size (Code + RO Data)                29144 (  28.46kB)
    Total RW  Size (RW Data + ZI Data)              6504 (   6.35kB)
    Total ROM Size (Code + RO Data + RW Data)      29228 (  28.54kB)

==============================================================================

