<html>
<body>
<pre>
<h1>µVision Build Log</h1>
<h2>Tool Versions:</h2>
IDE-Version: ¶ÃVision V5.14.0.0
Copyright (C) 2015 ARM Ltd and ARM Germany GmbH. All rights reserved.
License Information: 1 oarap, 1, LIC=EPP8T-REIRI-HPVZN-YCDCJ-ZPP1M-BLZ9X
 
Tool Versions:
Toolchain:       MDK-ARM Professional  Version: 5.14.0.0
Toolchain Path:  C:\Program Files (x86)\Keil_v5\ARM\ARMCC\Bin
C Compiler:      Armcc.exe V5.05 update 1 (build 106)
Assembler:       Armasm.exe V5.05 update 1 (build 106)
Linker/Locator:  ArmLink.exe V5.05 update 1 (build 106)
Library Manager: ArmAr.exe V5.05 update 1 (build 106)
Hex Converter:   FromElf.exe V5.05 update 1 (build 106)
CPU DLL:         SARMCM3.DLL V5.14.0.0
Dialog DLL:      DCM.DLL V1.13.1.0
Target DLL:      Segger\JL2CM3.dll V2.99.13.0
Dialog DLL:      TCM.DLL V1.14.4.0
 
<h2>Project:</h2>
E:\1_workspace\201804_queuing_system\1_src\2_slaver\Project\MDK-ARM\TcpClient_Sta.uvprojx
Project File Date:  05/01/2018

<h2>Output:</h2>
Build target 'TcpClient_Sta'
compiling main.c...
..\main.c(186): warning:  #167-D: argument of type "u8 *" is incompatible with parameter of type "char *"
                                        OLED_DispStr(42, 45,num, &tFont12);//oledœ‘ æ
..\main.c: 1 warning, 0 errors
linking...
Program Size: Code=21698 RO-data=7682 RW-data=72 ZI-data=5528  
FromELF: creating hex file...
".\obj\TcpClient_Sta.axf" - 0 Error(s), 1 Warning(s).

<h2>Software Packages used:</h2>

Package Vendor: ARM
                http://www.keil.com/pack/ARM.CMSIS.4.2.0.pack
                ARM::CMSIS:CORE:3.40.0
                CMSIS (Cortex Microcontroller Software Interface Standard)
   * Component: CORE Version: 3.40.0

<h2>Collection of Component include folders:</h2>
  E:\1_workspace\201804_queuing_system\1_src\2_slaver\Project\MDK-ARM\RTE
  C:\Program Files (x86)\Keil_v5\ARM\PACK\ARM\CMSIS\4.2.0\CMSIS\Include
  C:\Program Files (x86)\Keil_v5\ARM\PACK\Keil\STM32F1xx_DFP\2.2.0

<h2>Collection of Component Files used:</h2>

   * Component: ARM::CMSIS:CORE:3.40.0
      Source file:   CMSIS\UserCodeTemplates\ARM\ITM_Retarget.c
</pre>
</body>
</html>
